Archive member included to satisfy reference by file (symbol)

C:/Program Files (x86)/STM32CubeIDE_1.14.0/STM32CubeIDE/plugins/com.st.stm32cube.ide.mcu.externaltools.gnu-tools-for-stm32.11.3.rel1.win32_1.1.100.202309141235/tools/bin/../lib/gcc/arm-none-eabi/11.3.1/../../../../arm-none-eabi/lib/thumb/v7-m/nofp\libc_nano.a(libc_a-exit.o)
                              C:/Program Files (x86)/STM32CubeIDE_1.14.0/STM32CubeIDE/plugins/com.st.stm32cube.ide.mcu.externaltools.gnu-tools-for-stm32.11.3.rel1.win32_1.1.100.202309141235/tools/bin/../lib/gcc/arm-none-eabi/11.3.1/../../../../arm-none-eabi/lib/thumb/v7-m/nofp/crt0.o (exit)
C:/Program Files (x86)/STM32CubeIDE_1.14.0/STM32CubeIDE/plugins/com.st.stm32cube.ide.mcu.externaltools.gnu-tools-for-stm32.11.3.rel1.win32_1.1.100.202309141235/tools/bin/../lib/gcc/arm-none-eabi/11.3.1/../../../../arm-none-eabi/lib/thumb/v7-m/nofp\libc_nano.a(libc_a-findfp.o)
                              ./Middlewares/Third_Party/FreeRTOS/Source/tasks.o (__sf)
C:/Program Files (x86)/STM32CubeIDE_1.14.0/STM32CubeIDE/plugins/com.st.stm32cube.ide.mcu.externaltools.gnu-tools-for-stm32.11.3.rel1.win32_1.1.100.202309141235/tools/bin/../lib/gcc/arm-none-eabi/11.3.1/../../../../arm-none-eabi/lib/thumb/v7-m/nofp\libc_nano.a(libc_a-fwalk.o)
                              C:/Program Files (x86)/STM32CubeIDE_1.14.0/STM32CubeIDE/plugins/com.st.stm32cube.ide.mcu.externaltools.gnu-tools-for-stm32.11.3.rel1.win32_1.1.100.202309141235/tools/bin/../lib/gcc/arm-none-eabi/11.3.1/../../../../arm-none-eabi/lib/thumb/v7-m/nofp\libc_nano.a(libc_a-findfp.o) (_fwalk_sglue)
C:/Program Files (x86)/STM32CubeIDE_1.14.0/STM32CubeIDE/plugins/com.st.stm32cube.ide.mcu.externaltools.gnu-tools-for-stm32.11.3.rel1.win32_1.1.100.202309141235/tools/bin/../lib/gcc/arm-none-eabi/11.3.1/../../../../arm-none-eabi/lib/thumb/v7-m/nofp\libc_nano.a(libc_a-sprintf.o)
                              ./Core/Src/main.o (sprintf)
C:/Program Files (x86)/STM32CubeIDE_1.14.0/STM32CubeIDE/plugins/com.st.stm32cube.ide.mcu.externaltools.gnu-tools-for-stm32.11.3.rel1.win32_1.1.100.202309141235/tools/bin/../lib/gcc/arm-none-eabi/11.3.1/../../../../arm-none-eabi/lib/thumb/v7-m/nofp\libc_nano.a(libc_a-stdio.o)
                              C:/Program Files (x86)/STM32CubeIDE_1.14.0/STM32CubeIDE/plugins/com.st.stm32cube.ide.mcu.externaltools.gnu-tools-for-stm32.11.3.rel1.win32_1.1.100.202309141235/tools/bin/../lib/gcc/arm-none-eabi/11.3.1/../../../../arm-none-eabi/lib/thumb/v7-m/nofp\libc_nano.a(libc_a-findfp.o) (__sread)
C:/Program Files (x86)/STM32CubeIDE_1.14.0/STM32CubeIDE/plugins/com.st.stm32cube.ide.mcu.externaltools.gnu-tools-for-stm32.11.3.rel1.win32_1.1.100.202309141235/tools/bin/../lib/gcc/arm-none-eabi/11.3.1/../../../../arm-none-eabi/lib/thumb/v7-m/nofp\libc_nano.a(libc_a-memset.o)
                              C:/Program Files (x86)/STM32CubeIDE_1.14.0/STM32CubeIDE/plugins/com.st.stm32cube.ide.mcu.externaltools.gnu-tools-for-stm32.11.3.rel1.win32_1.1.100.202309141235/tools/bin/../lib/gcc/arm-none-eabi/11.3.1/../../../../arm-none-eabi/lib/thumb/v7-m/nofp/crt0.o (memset)
C:/Program Files (x86)/STM32CubeIDE_1.14.0/STM32CubeIDE/plugins/com.st.stm32cube.ide.mcu.externaltools.gnu-tools-for-stm32.11.3.rel1.win32_1.1.100.202309141235/tools/bin/../lib/gcc/arm-none-eabi/11.3.1/../../../../arm-none-eabi/lib/thumb/v7-m/nofp\libc_nano.a(libc_a-strcat.o)
                              ./Core/Src/main.o (strcat)
C:/Program Files (x86)/STM32CubeIDE_1.14.0/STM32CubeIDE/plugins/com.st.stm32cube.ide.mcu.externaltools.gnu-tools-for-stm32.11.3.rel1.win32_1.1.100.202309141235/tools/bin/../lib/gcc/arm-none-eabi/11.3.1/../../../../arm-none-eabi/lib/thumb/v7-m/nofp\libc_nano.a(libc_a-closer.o)
                              C:/Program Files (x86)/STM32CubeIDE_1.14.0/STM32CubeIDE/plugins/com.st.stm32cube.ide.mcu.externaltools.gnu-tools-for-stm32.11.3.rel1.win32_1.1.100.202309141235/tools/bin/../lib/gcc/arm-none-eabi/11.3.1/../../../../arm-none-eabi/lib/thumb/v7-m/nofp\libc_nano.a(libc_a-stdio.o) (_close_r)
C:/Program Files (x86)/STM32CubeIDE_1.14.0/STM32CubeIDE/plugins/com.st.stm32cube.ide.mcu.externaltools.gnu-tools-for-stm32.11.3.rel1.win32_1.1.100.202309141235/tools/bin/../lib/gcc/arm-none-eabi/11.3.1/../../../../arm-none-eabi/lib/thumb/v7-m/nofp\libc_nano.a(libc_a-reent.o)
                              ./Middlewares/Third_Party/FreeRTOS/Source/tasks.o (_reclaim_reent)
C:/Program Files (x86)/STM32CubeIDE_1.14.0/STM32CubeIDE/plugins/com.st.stm32cube.ide.mcu.externaltools.gnu-tools-for-stm32.11.3.rel1.win32_1.1.100.202309141235/tools/bin/../lib/gcc/arm-none-eabi/11.3.1/../../../../arm-none-eabi/lib/thumb/v7-m/nofp\libc_nano.a(libc_a-impure.o)
                              ./Middlewares/Third_Party/FreeRTOS/Source/tasks.o (_impure_ptr)
[...]
Memory Configuration

Name             Origin             Length             Attributes
RAM              0x0000000020000000 0x0000000000005000 xrw
FLASH            0x0000000008000000 0x0000000000010000 xr
*default*        0x0000000000000000 0xffffffffffffffff

Linker script and memory map

LOAD C:/Program Files (x86)/STM32CubeIDE_1.14.0/STM32CubeIDE/plugins/com.st.stm32cube.ide.mcu.externaltools.gnu-tools-for-stm32.11.3.rel1.win32_1.1.100.202309141235/tools/bin/../lib/gcc/arm-none-eabi/11.3.1/thumb/v7-m/nofp/crti.o
LOAD C:/Program Files (x86)/STM32CubeIDE_1.14.0/STM32CubeIDE/plugins/com.st.stm32cube.ide.mcu.externaltools.gnu-tools-for-stm32.11.3.rel1.win32_1.1.100.202309141235/tools/bin/../lib/gcc/arm-none-eabi/11.3.1/thumb/v7-m/nofp/crtbegin.o
LOAD C:/Program Files (x86)/STM32CubeIDE_1.14.0/STM32CubeIDE/plugins/com.st.stm32cube.ide.mcu.externaltools.gnu-tools-for-stm32.11.3.rel1.win32_1.1.100.202309141235/tools/bin/../lib/gcc/arm-none-eabi/11.3.1/../../../../arm-none-eabi/lib/thumb/v7-m/nofp/crt0.o
LOAD ./Core/Src/freertos.o
LOAD ./Core/Src/main.o
LOAD ./Core/Src/pcd8544_driver.o
LOAD ./Core/Src/pcd8544_gui.o
LOAD ./Core/Src/stm32f1xx_hal_msp.o
LOAD ./Core/Src/stm32f1xx_hal_timebase_tim.o
LOAD ./Core/Src/stm32f1xx_it.o
LOAD ./Core/Src/syscalls.o
LOAD ./Core/Src/sysmem.o
LOAD ./Core/Src/system_stm32f1xx.o
LOAD ./Core/Startup/startup_stm32f103c8tx.o
LOAD ./Drivers/STM32F1xx_HAL_Driver/Src/stm32f1xx_hal.o
LOAD ./Drivers/STM32F1xx_HAL_Driver/Src/stm32f1xx_hal_adc.o
LOAD ./Drivers/STM32F1xx_HAL_Driver/Src/stm32f1xx_hal_adc_ex.o
LOAD ./Drivers/STM32F1xx_HAL_Driver/Src/stm32f1xx_hal_cortex.o
LOAD ./Drivers/STM32F1xx_HAL_Driver/Src/stm32f1xx_hal_dma.o
LOAD ./Drivers/STM32F1xx_HAL_Driver/Src/stm32f1xx_hal_exti.o
LOAD ./Drivers/STM32F1xx_HAL_Driver/Src/stm32f1xx_hal_flash.o
LOAD ./Drivers/STM32F1xx_HAL_Driver/Src/stm32f1xx_hal_flash_ex.o
LOAD ./Drivers/STM32F1xx_HAL_Driver/Src/stm32f1xx_hal_gpio.o
LOAD ./Drivers/STM32F1xx_HAL_Driver/Src/stm32f1xx_hal_gpio_ex.o
LOAD ./Drivers/STM32F1xx_HAL_Driver/Src/stm32f1xx_hal_iwdg.o
LOAD ./Drivers/STM32F1xx_HAL_Driver/Src/stm32f1xx_hal_pwr.o
LOAD ./Drivers/STM32F1xx_HAL_Driver/Src/stm32f1xx_hal_rcc.o
LOAD ./Drivers/STM32F1xx_HAL_Driver/Src/stm32f1xx_hal_rcc_ex.o
LOAD ./Drivers/STM32F1xx_HAL_Driver/Src/stm32f1xx_hal_rtc.o
LOAD ./Drivers/STM32F1xx_HAL_Driver/Src/stm32f1xx_hal_rtc_ex.o
LOAD ./Drivers/STM32F1xx_HAL_Driver/Src/stm32f1xx_hal_spi.o
LOAD ./Drivers/STM32F1xx_HAL_Driver/Src/stm32f1xx_hal_tim.o
LOAD ./Drivers/STM32F1xx_HAL_Driver/Src/stm32f1xx_hal_tim_ex.o
LOAD ./Middlewares/Third_Party/FreeRTOS/Source/CMSIS_RTOS_V2/cmsis_os2.o
LOAD ./Middlewares/Third_Party/FreeRTOS/Source/croutine.o
LOAD ./Middlewares/Third_Party/FreeRTOS/Source/event_groups.o
LOAD ./Middlewares/Third_Party/FreeRTOS/Source/list.o
LOAD ./Middlewares/Third_Party/FreeRTOS/Source/queue.o
LOAD ./Middlewares/Third_Party/FreeRTOS/Source/stream_buffer.o
LOAD ./Middlewares/Third_Party/FreeRTOS/Source/tasks.o
LOAD ./Middlewares/Third_Party/FreeRTOS/Source/timers.o
LOAD ./Middlewares/Third_Party/FreeRTOS/Source/portable/GCC/ARM_CM3/port.o
LOAD ./Middlewares/Third_Party/FreeRTOS/Source/portable/MemMang/heap_4.o
START GROUP
LOAD C:/Program Files (x86)/STM32CubeIDE_1.14.0/STM32CubeIDE/plugins/com.st.stm32cube.ide.mcu.externaltools.gnu-tools-for-stm32.11.3.rel1.win32_1.1.100.202309141235/tools/bin/../lib/gcc/arm-none-eabi/11.3.1/../../../../arm-none-eabi/lib/thumb/v7-m/nofp\libc_nano.a
LOAD C:/Program Files (x86)/STM32CubeIDE_1.14.0/STM32CubeIDE/plugins/com.st.stm32cube.ide.mcu.externaltools.gnu-tools-for-stm32.11.3.rel1.win32_1.1.100.202309141235/tools/bin/../lib/gcc/arm-none-eabi/11.3.1/../../../../arm-none-eabi/lib/thumb/v7-m/nofp\libm.a
END GROUP
START GROUP
LOAD C:/Program Files (x86)/STM32CubeIDE_1.14.0/STM32CubeIDE/plugins/com.st.stm32cube.ide.mcu.externaltools.gnu-tools-for-stm32.11.3.rel1.win32_1.1.100.202309141235/tools/bin/../lib/gcc/arm-none-eabi/11.3.1/thumb/v7-m/nofp\libgcc.a
LOAD C:/Program Files (x86)/STM32CubeIDE_1.14.0/STM32CubeIDE/plugins/com.st.stm32cube.ide.mcu.externaltools.gnu-tools-for-stm32.11.3.rel1.win32_1.1.100.202309141235/tools/bin/../lib/gcc/arm-none-eabi/11.3.1/../../../../arm-none-eabi/lib/thumb/v7-m/nofp\libc_nano.a
END GROUP
START GROUP
LOAD C:/Program Files (x86)/STM32CubeIDE_1.14.0/STM32CubeIDE/plugins/com.st.stm32cube.ide.mcu.externaltools.gnu-tools-for-stm32.11.3.rel1.win32_1.1.100.202309141235/tools/bin/../lib/gcc/arm-none-eabi/11.3.1/thumb/v7-m/nofp\libgcc.a
LOAD C:/Program Files (x86)/STM32CubeIDE_1.14.0/STM32CubeIDE/plugins/com.st.stm32cube.ide.mcu.externaltools.gnu-tools-for-stm32.11.3.rel1.win32_1.1.100.202309141235/tools/bin/../lib/gcc/arm-none-eabi/11.3.1/../../../../arm-none-eabi/lib/thumb/v7-m/nofp\libc_nano.a
LOAD C:/Program Files (x86)/STM32CubeIDE_1.14.0/STM32CubeIDE/plugins/com.st.stm32cube.ide.mcu.externaltools.gnu-tools-for-stm32.11.3.rel1.win32_1.1.100.202309141235/tools/bin/../lib/gcc/arm-none-eabi/11.3.1/../../../../arm-none-eabi/lib/thumb/v7-m/nofp\libnosys.a
END GROUP
START GROUP
LOAD C:/Program Files (x86)/STM32CubeIDE_1.14.0/STM32CubeIDE/plugins/com.st.stm32cube.ide.mcu.externaltools.gnu-tools-for-stm32.11.3.rel1.win32_1.1.100.202309141235/tools/bin/../lib/gcc/arm-none-eabi/11.3.1/thumb/v7-m/nofp\libgcc.a
LOAD C:/Program Files (x86)/STM32CubeIDE_1.14.0/STM32CubeIDE/plugins/com.st.stm32cube.ide.mcu.externaltools.gnu-tools-for-stm32.11.3.rel1.win32_1.1.100.202309141235/tools/bin/../lib/gcc/arm-none-eabi/11.3.1/../../../../arm-none-eabi/lib/thumb/v7-m/nofp\libc_nano.a
LOAD C:/Program Files (x86)/STM32CubeIDE_1.14.0/STM32CubeIDE/plugins/com.st.stm32cube.ide.mcu.externaltools.gnu-tools-for-stm32.11.3.rel1.win32_1.1.100.202309141235/tools/bin/../lib/gcc/arm-none-eabi/11.3.1/../../../../arm-none-eabi/lib/thumb/v7-m/nofp\libnosys.a
END GROUP
LOAD C:/Program Files (x86)/STM32CubeIDE_1.14.0/STM32CubeIDE/plugins/com.st.stm32cube.ide.mcu.externaltools.gnu-tools-for-stm32.11.3.rel1.win32_1.1.100.202309141235/tools/bin/../lib/gcc/arm-none-eabi/11.3.1/thumb/v7-m/nofp/crtend.o
LOAD C:/Program Files (x86)/STM32CubeIDE_1.14.0/STM32CubeIDE/plugins/com.st.stm32cube.ide.mcu.externaltools.gnu-tools-for-stm32.11.3.rel1.win32_1.1.100.202309141235/tools/bin/../lib/gcc/arm-none-eabi/11.3.1/thumb/v7-m/nofp/crtn.o
                0x0000000020005000                _estack = (ORIGIN (RAM) + LENGTH (RAM))
                0x0000000000000200                _Min_Heap_Size = 0x200
                0x0000000000000400                _Min_Stack_Size = 0x400

.isr_vector     0x0000000008000000      0x10c
                0x0000000008000000                . = ALIGN (0x4)
 *(.isr_vector)
 .isr_vector    0x0000000008000000      0x10c ./Core/Startup/startup_stm32f103c8tx.o
                0x0000000008000000                g_pfnVectors
                0x000000000800010c                . = ALIGN (0x4)

.text           0x0000000008000110     0x9844
                0x0000000008000110                . = ALIGN (0x4)
 *(.text)
 .text          0x0000000008000110       0x40 C:/Program Files (x86)/STM32CubeIDE_1.14.0/STM32CubeIDE/plugins/com.st.stm32cube.ide.mcu.externaltools.gnu-tools-for-stm32.11.3.rel1.win32_1.1.100.202309141235/tools/bin/../lib/gcc/arm-none-eabi/11.3.1/thumb/v7-m/nofp/crtbegin.o
 .text          0x0000000008000150       0x10 C:/Program Files (x86)/STM32CubeIDE_1.14.0/STM32CubeIDE/plugins/com.st.stm32cube.ide.mcu.externaltools.gnu-tools-for-stm32.11.3.rel1.win32_1.1.100.202309141235/tools/bin/../lib/gcc/arm-none-eabi/11.3.1/../../../../arm-none-eabi/lib/thumb/v7-m/nofp\libc_nano.a(libc_a-strlen.o)
                0x0000000008000150                strlen
 .text          0x0000000008000160      0x378 C:/Program Files (x86)/STM32CubeIDE_1.14.0/STM32CubeIDE/plugins/com.st.stm32cube.ide.mcu.externaltools.gnu-tools-for-stm32.11.3.rel1.win32_1.1.100.202309141235/tools/bin/../lib/gcc/arm-none-eabi/11.3.1/thumb/v7-m/nofp\libgcc.a(_arm_addsubdf3.o)
                0x0000000008000160                __aeabi_drsub
                0x0000000008000168                __aeabi_dsub
                0x0000000008000168                __subdf3
                0x000000000800016c                __aeabi_dadd
                0x000000000800016c                __adddf3
                0x00000000080003e4                __floatunsidf
                0x00000000080003e4                __aeabi_ui2d
                0x0000000008000404                __floatsidf
                0x0000000008000404                __aeabi_i2d
                0x0000000008000428                __aeabi_f2d
                0x0000000008000428                __extendsfdf2
                0x000000000800046c                __floatundidf
                0x000000000800046c                __aeabi_ul2d
                0x000000000800047c                __floatdidf
                0x000000000800047c                __aeabi_l2d
 .text          0x00000000080004d8      0x424 C:/Program Files (x86)/STM32CubeIDE_1.14.0/STM32CubeIDE/plugins/com.st.stm32cube.ide.mcu.externaltools.gnu-tools-for-stm32.11.3.rel1.win32_1.1.100.202309141235/tools/bin/../lib/gcc/arm-none-eabi/11.3.1/thumb/v7-m/nofp\libgcc.a(_arm_muldivdf3.o)
                0x00000000080004d8                __aeabi_dmul
                0x00000000080004d8                __muldf3
                0x000000000800072c                __divdf3
                0x000000000800072c                __aeabi_ddiv
 .text          0x00000000080008fc       0x40 C:/Program Files (x86)/STM32CubeIDE_1.14.0/STM32CubeIDE/plugins/com.st.stm32cube.ide.mcu.externaltools.gnu-tools-for-stm32.11.3.rel1.win32_1.1.100.202309141235/tools/bin/../lib/gcc/arm-none-eabi/11.3.1/thumb/v7-m/nofp\libgcc.a(_arm_fixunsdfsi.o)
                0x00000000080008fc                __aeabi_d2uiz
                0x00000000080008fc                __fixunsdfsi
 *(.text*)
 .text.main     0x000000000800093c       0xf0 ./Core/Src/main.o
                0x000000000800093c                main
 .text.SystemClock_Config
                0x0000000008000a2c       0xc4 ./Core/Src/main.o
                0x0000000008000a2c                SystemClock_Config
 .text.MX_ADC1_Init
                0x0000000008000af0       0x7c ./Core/Src/main.o
 .text.MX_IWDG_Init
                0x0000000008000b6c       0x34 ./Core/Src/main.o
 .text.MX_RTC_Init
                0x0000000008000ba0       0xa8 ./Core/Src/main.o
 .text.MX_SPI1_Init
                0x0000000008000c48       0x70 ./Core/Src/main.o
 .text.MX_TIM2_Init
                0x0000000008000cb8       0xec ./Core/Src/main.o
 .text.MX_TIM3_Init
                0x0000000008000da4       0x9c ./Core/Src/main.o
 .text.MX_GPIO_Init
                0x0000000008000e40       0xf0 ./Core/Src/main.o
 .text.handleButtonPressed
                0x0000000008000f30       0xa4 ./Core/Src/main.o
                0x0000000008000f30                handleButtonPressed
 .text.showMainMenu
                0x0000000008000fd4      0x34c ./Core/Src/main.o
                0x0000000008000fd4                showMainMenu
 .text.showMcuTempMenu
                0x0000000008001320       0xa4 ./Core/Src/main.o
                0x0000000008001320                showMcuTempMenu
 .text.showClockMenu
                0x00000000080013c4      0x2e0 ./Core/Src/main.o
                0x00000000080013c4                showClockMenu
 .text.showBackLightMenu
                0x00000000080016a4       0xf8 ./Core/Src/main.o
                0x00000000080016a4                showBackLightMenu
 .text.showContrastMenu
                0x000000000800179c       0xbc ./Core/Src/main.o
                0x000000000800179c                showContrastMenu
 .text.showHelpMenu
                0x0000000008001858      0x130 ./Core/Src/main.o
                0x0000000008001858                showHelpMenu
 .text.showRebootMenu
                0x0000000008001988       0xe0 ./Core/Src/main.o
                0x0000000008001988                showRebootMenu
 .text.showTimerMenu
                0x0000000008001a68      0x128 ./Core/Src/main.o
                0x0000000008001a68                showTimerMenu
 .text.refreshIwdg
                0x0000000008001b90       0x14 ./Core/Src/main.o
                0x0000000008001b90                refreshIwdg
 .text.returnToMainMenu
                0x0000000008001ba4       0x24 ./Core/Src/main.o
                0x0000000008001ba4                returnToMainMenu
 .text.HAL_TIM_PeriodElapsedCallback
                0x0000000008001bc8       0x44 ./Core/Src/main.o
                0x0000000008001bc8                HAL_TIM_PeriodElapsedCallback
 .text.Error_Handler
                0x0000000008001c0c        0xa ./Core/Src/main.o
                0x0000000008001c0c                Error_Handler
 *fill*         0x0000000008001c16        0x2 
 .text.PCD8544_sendData
                0x0000000008001c18       0x24 ./Core/Src/pcd8544_driver.o
                0x0000000008001c18                PCD8544_sendData
 .text.PCD8544_command
                0x0000000008001c3c       0x3c ./Core/Src/pcd8544_driver.o
                0x0000000008001c3c                PCD8544_command
 .text.PCD8544_data
                0x0000000008001c78       0x3c ./Core/Src/pcd8544_driver.o
                0x0000000008001c78                PCD8544_data
 .text.PCD8544_init
                0x0000000008001cb4       0x8c ./Core/Src/pcd8544_driver.o
                0x0000000008001cb4                PCD8544_init
 .text.PCD8544_setContrast
                0x0000000008001d40       0x44 ./Core/Src/pcd8544_driver.o
                0x0000000008001d40                PCD8544_setContrast
 .text.PCD8544_setTextInvert
                0x0000000008001d84       0x2c ./Core/Src/pcd8544_driver.o
                0x0000000008001d84                PCD8544_setTextInvert
 .text.PCD8544_setFont
                0x0000000008001db0       0xcc ./Core/Src/pcd8544_driver.o
                0x0000000008001db0                PCD8544_setFont
 .text.PCD8544_printChar
                0x0000000008001e7c      0x1e0 ./Core/Src/pcd8544_driver.o
                0x0000000008001e7c                PCD8544_printChar
 .text.PCD8544_printString
                0x000000000800205c       0x44 ./Core/Src/pcd8544_driver.o
                0x000000000800205c                PCD8544_printString
 .text.PCD8544_printStringAlign
                0x00000000080020a0       0xa8 ./Core/Src/pcd8544_driver.o
                0x00000000080020a0                PCD8544_printStringAlign
 .text.PCD8544_clearScreen
                0x0000000008002148       0x34 ./Core/Src/pcd8544_driver.o
                0x0000000008002148                PCD8544_clearScreen
 .text.PCD8544_goXY
                0x000000000800217c       0x34 ./Core/Src/pcd8544_driver.o
                0x000000000800217c                PCD8544_goXY
 .text.PCD8544_refreshScreen
                0x00000000080021b0       0x58 ./Core/Src/pcd8544_driver.o
                0x00000000080021b0                PCD8544_refreshScreen
 .text.PCD8544_drawPixel
                0x0000000008002208       0xb0 ./Core/Src/pcd8544_driver.o
                0x0000000008002208                PCD8544_drawPixel
 .text.PCD8544_drawHorizontalLine
                0x00000000080022b8       0x98 ./Core/Src/pcd8544_driver.o
                0x00000000080022b8                PCD8544_drawHorizontalLine
 .text.PCD8544_drawVerticalLine
                0x0000000008002350       0x58 ./Core/Src/pcd8544_driver.o
                0x0000000008002350                PCD8544_drawVerticalLine
 .text.PCD8544_drawRectangle
                0x00000000080023a8       0x66 ./Core/Src/pcd8544_driver.o
                0x00000000080023a8                PCD8544_drawRectangle
 .text.PCD8544_drawFilledRectangle
                0x000000000800240e       0x4c ./Core/Src/pcd8544_driver.o
                0x000000000800240e                PCD8544_drawFilledRectangle
 *fill*         0x000000000800245a        0x2 
 .text.PCD8544_getContrast
                0x000000000800245c       0x14 ./Core/Src/pcd8544_driver.o
                0x000000000800245c                PCD8544_getContrast
 .text.PCD8544_GUI_drawProgressBar
                0x0000000008002470       0x74 ./Core/Src/pcd8544_gui.o
                0x0000000008002470                PCD8544_GUI_drawProgressBar
 .text.PCD8544_GUI_displayMenuName
                0x00000000080024e4       0x24 ./Core/Src/pcd8544_gui.o
                0x00000000080024e4                PCD8544_GUI_displayMenuName
 .text.PCD8544_GUI_drawSideBar
                0x0000000008002508       0x5c ./Core/Src/pcd8544_gui.o
                0x0000000008002508                PCD8544_GUI_drawSideBar
 .text.HAL_MspInit
                0x0000000008002564       0x70 ./Core/Src/stm32f1xx_hal_msp.o
                0x0000000008002564                HAL_MspInit
 .text.HAL_ADC_MspInit
                0x00000000080025d4       0x3c ./Core/Src/stm32f1xx_hal_msp.o
                0x00000000080025d4                HAL_ADC_MspInit
 .text.HAL_RTC_MspInit
                0x0000000008002610       0x48 ./Core/Src/stm32f1xx_hal_msp.o
                0x0000000008002610                HAL_RTC_MspInit
 .text.HAL_SPI_MspInit
                0x0000000008002658       0x7c ./Core/Src/stm32f1xx_hal_msp.o
                0x0000000008002658                HAL_SPI_MspInit
 .text.HAL_TIM_Base_MspInit
                0x00000000080026d4       0x70 ./Core/Src/stm32f1xx_hal_msp.o
                0x00000000080026d4                HAL_TIM_Base_MspInit
 .text.HAL_TIM_MspPostInit
                0x0000000008002744       0x60 ./Core/Src/stm32f1xx_hal_msp.o
                0x0000000008002744                HAL_TIM_MspPostInit
 .text.HAL_InitTick
                0x00000000080027a4       0xe4 ./Core/Src/stm32f1xx_hal_timebase_tim.o
                0x00000000080027a4                HAL_InitTick
 .text.NMI_Handler
                0x0000000008002888        0xa ./Core/Src/stm32f1xx_it.o
                0x0000000008002888                NMI_Handler
 .text.HardFault_Handler
                0x0000000008002892        0x6 ./Core/Src/stm32f1xx_it.o
                0x0000000008002892                HardFault_Handler
 .text.MemManage_Handler
                0x0000000008002898        0x6 ./Core/Src/stm32f1xx_it.o
                0x0000000008002898                MemManage_Handler
 .text.BusFault_Handler
                0x000000000800289e        0x6 ./Core/Src/stm32f1xx_it.o
                0x000000000800289e                BusFault_Handler
 .text.UsageFault_Handler
                0x00000000080028a4        0x6 ./Core/Src/stm32f1xx_it.o
                0x00000000080028a4                UsageFault_Handler
 .text.DebugMon_Handler
                0x00000000080028aa        0xc ./Core/Src/stm32f1xx_it.o
                0x00000000080028aa                DebugMon_Handler
 *fill*         0x00000000080028b6        0x2 
 .text.TIM1_UP_IRQHandler
                0x00000000080028b8       0x14 ./Core/Src/stm32f1xx_it.o
                0x00000000080028b8                TIM1_UP_IRQHandler
 .text.TIM3_IRQHandler
                0x00000000080028cc       0x14 ./Core/Src/stm32f1xx_it.o
                0x00000000080028cc                TIM3_IRQHandler
 .text._sbrk    0x00000000080028e0       0x6c ./Core/Src/sysmem.o
                0x00000000080028e0                _sbrk
 .text.SystemInit
                0x000000000800294c        0xc ./Core/Src/system_stm32f1xx.o
                0x000000000800294c                SystemInit
 .text.Reset_Handler
                0x0000000008002958       0x48 ./Core/Startup/startup_stm32f103c8tx.o
                0x0000000008002958                Reset_Handler
 .text.Default_Handler
                0x00000000080029a0        0x2 ./Core/Startup/startup_stm32f103c8tx.o
                0x00000000080029a0                RTC_Alarm_IRQHandler
                0x00000000080029a0                EXTI2_IRQHandler
                0x00000000080029a0                TIM1_CC_IRQHandler
                0x00000000080029a0                PVD_IRQHandler
                0x00000000080029a0                EXTI3_IRQHandler
                0x00000000080029a0                EXTI0_IRQHandler
                0x00000000080029a0                I2C2_EV_IRQHandler
                0x00000000080029a0                ADC1_2_IRQHandler
                0x00000000080029a0                SPI1_IRQHandler
                0x00000000080029a0                TAMPER_IRQHandler
                0x00000000080029a0                DMA1_Channel4_IRQHandler
                0x00000000080029a0                USART3_IRQHandler
                0x00000000080029a0                RTC_IRQHandler
                0x00000000080029a0                DMA1_Channel7_IRQHandler
                0x00000000080029a0                CAN1_RX1_IRQHandler
                0x00000000080029a0                TIM4_IRQHandler
                0x00000000080029a0                I2C1_EV_IRQHandler
                0x00000000080029a0                DMA1_Channel6_IRQHandler
                0x00000000080029a0                RCC_IRQHandler
                0x00000000080029a0                TIM1_TRG_COM_IRQHandler
                0x00000000080029a0                DMA1_Channel1_IRQHandler
                0x00000000080029a0                Default_Handler
                0x00000000080029a0                EXTI15_10_IRQHandler
                0x00000000080029a0                EXTI9_5_IRQHandler
                0x00000000080029a0                SPI2_IRQHandler
                0x00000000080029a0                DMA1_Channel5_IRQHandler
                0x00000000080029a0                EXTI4_IRQHandler
                0x00000000080029a0                USB_LP_CAN1_RX0_IRQHandler
                0x00000000080029a0                USB_HP_CAN1_TX_IRQHandler
                0x00000000080029a0                DMA1_Channel3_IRQHandler
                0x00000000080029a0                WWDG_IRQHandler
                0x00000000080029a0                TIM2_IRQHandler
                0x00000000080029a0                TIM1_BRK_IRQHandler
                0x00000000080029a0                EXTI1_IRQHandler
                0x00000000080029a0                USART2_IRQHandler
                0x00000000080029a0                I2C2_ER_IRQHandler
                0x00000000080029a0                DMA1_Channel2_IRQHandler
                0x00000000080029a0                CAN1_SCE_IRQHandler
                0x00000000080029a0                FLASH_IRQHandler
                0x00000000080029a0                USART1_IRQHandler
                0x00000000080029a0                I2C1_ER_IRQHandler
                0x00000000080029a0                USBWakeUp_IRQHandler
 *fill*         0x00000000080029a2        0x2 
 .text.HAL_Init
                0x00000000080029a4       0x2c ./Drivers/STM32F1xx_HAL_Driver/Src/stm32f1xx_hal.o
                0x00000000080029a4                HAL_Init
 .text.HAL_IncTick
                0x00000000080029d0       0x24 ./Drivers/STM32F1xx_HAL_Driver/Src/stm32f1xx_hal.o
                0x00000000080029d0                HAL_IncTick
 .text.HAL_GetTick
                0x00000000080029f4       0x14 ./Drivers/STM32F1xx_HAL_Driver/Src/stm32f1xx_hal.o
                0x00000000080029f4                HAL_GetTick
 .text.HAL_Delay
                0x0000000008002a08       0x48 ./Drivers/STM32F1xx_HAL_Driver/Src/stm32f1xx_hal.o
                0x0000000008002a08                HAL_Delay
 .text.HAL_ADC_Init
                0x0000000008002a50      0x1b0 ./Drivers/STM32F1xx_HAL_Driver/Src/stm32f1xx_hal_adc.o
                0x0000000008002a50                HAL_ADC_Init
 .text.HAL_ADC_Start
                0x0000000008002c00      0x15c ./Drivers/STM32F1xx_HAL_Driver/Src/stm32f1xx_hal_adc.o
                0x0000000008002c00                HAL_ADC_Start
 .text.HAL_ADC_Stop
                0x0000000008002d5c       0x58 ./Drivers/STM32F1xx_HAL_Driver/Src/stm32f1xx_hal_adc.o
                0x0000000008002d5c                HAL_ADC_Stop
 .text.HAL_ADC_PollForConversion
                0x0000000008002db4      0x20c ./Drivers/STM32F1xx_HAL_Driver/Src/stm32f1xx_hal_adc.o
                0x0000000008002db4                HAL_ADC_PollForConversion
 .text.HAL_ADC_GetValue
                0x0000000008002fc0       0x18 ./Drivers/STM32F1xx_HAL_Driver/Src/stm32f1xx_hal_adc.o
                0x0000000008002fc0                HAL_ADC_GetValue
 .text.HAL_ADC_ConfigChannel
                0x0000000008002fd8      0x1f0 ./Drivers/STM32F1xx_HAL_Driver/Src/stm32f1xx_hal_adc.o
                0x0000000008002fd8                HAL_ADC_ConfigChannel
 .text.ADC_Enable
                0x00000000080031c8       0xb4 ./Drivers/STM32F1xx_HAL_Driver/Src/stm32f1xx_hal_adc.o
                0x00000000080031c8                ADC_Enable
 .text.ADC_ConversionStop_Disable
                0x000000000800327c       0x82 ./Drivers/STM32F1xx_HAL_Driver/Src/stm32f1xx_hal_adc.o
                0x000000000800327c                ADC_ConversionStop_Disable
 *fill*         0x00000000080032fe        0x2 
 .text.__NVIC_SetPriorityGrouping
                0x0000000008003300       0x48 ./Drivers/STM32F1xx_HAL_Driver/Src/stm32f1xx_hal_cortex.o
 .text.__NVIC_GetPriorityGrouping
                0x0000000008003348       0x1c ./Drivers/STM32F1xx_HAL_Driver/Src/stm32f1xx_hal_cortex.o
 .text.__NVIC_EnableIRQ
                0x0000000008003364       0x38 ./Drivers/STM32F1xx_HAL_Driver/Src/stm32f1xx_hal_cortex.o
 .text.__NVIC_SetPriority
                0x000000000800339c       0x54 ./Drivers/STM32F1xx_HAL_Driver/Src/stm32f1xx_hal_cortex.o
 .text.NVIC_EncodePriority
                0x00000000080033f0       0x64 ./Drivers/STM32F1xx_HAL_Driver/Src/stm32f1xx_hal_cortex.o
 .text.__NVIC_SystemReset
                0x0000000008003454       0x2c ./Drivers/STM32F1xx_HAL_Driver/Src/stm32f1xx_hal_cortex.o
 .text.HAL_NVIC_SetPriorityGrouping
                0x0000000008003480       0x16 ./Drivers/STM32F1xx_HAL_Driver/Src/stm32f1xx_hal_cortex.o
                0x0000000008003480                HAL_NVIC_SetPriorityGrouping
 .text.HAL_NVIC_SetPriority
                0x0000000008003496       0x38 ./Drivers/STM32F1xx_HAL_Driver/Src/stm32f1xx_hal_cortex.o
                0x0000000008003496                HAL_NVIC_SetPriority
 .text.HAL_NVIC_EnableIRQ
                0x00000000080034ce       0x1c ./Drivers/STM32F1xx_HAL_Driver/Src/stm32f1xx_hal_cortex.o
                0x00000000080034ce                HAL_NVIC_EnableIRQ
 .text.HAL_NVIC_SystemReset
                0x00000000080034ea        0x8 ./Drivers/STM32F1xx_HAL_Driver/Src/stm32f1xx_hal_cortex.o
                0x00000000080034ea                HAL_NVIC_SystemReset
 *fill*         0x00000000080034f2        0x2 
 .text.HAL_GPIO_Init
                0x00000000080034f4      0x308 ./Drivers/STM32F1xx_HAL_Driver/Src/stm32f1xx_hal_gpio.o
                0x00000000080034f4                HAL_GPIO_Init
 .text.HAL_GPIO_ReadPin
                0x00000000080037fc       0x2e ./Drivers/STM32F1xx_HAL_Driver/Src/stm32f1xx_hal_gpio.o
                0x00000000080037fc                HAL_GPIO_ReadPin
 .text.HAL_GPIO_WritePin
                0x000000000800382a       0x30 ./Drivers/STM32F1xx_HAL_Driver/Src/stm32f1xx_hal_gpio.o
                0x000000000800382a                HAL_GPIO_WritePin
 .text.HAL_IWDG_Init
                0x000000000800385a       0x84 ./Drivers/STM32F1xx_HAL_Driver/Src/stm32f1xx_hal_iwdg.o
                0x000000000800385a                HAL_IWDG_Init
 .text.HAL_IWDG_Refresh
                0x00000000080038de       0x1e ./Drivers/STM32F1xx_HAL_Driver/Src/stm32f1xx_hal_iwdg.o
                0x00000000080038de                HAL_IWDG_Refresh
 .text.HAL_PWR_EnableBkUpAccess
                0x00000000080038fc       0x18 ./Drivers/STM32F1xx_HAL_Driver/Src/stm32f1xx_hal_pwr.o
                0x00000000080038fc                HAL_PWR_EnableBkUpAccess
 .text.HAL_RCC_OscConfig
                0x0000000008003914      0x504 ./Drivers/STM32F1xx_HAL_Driver/Src/stm32f1xx_hal_rcc.o
                0x0000000008003914                HAL_RCC_OscConfig
 .text.HAL_RCC_ClockConfig
                0x0000000008003e18      0x1d4 ./Drivers/STM32F1xx_HAL_Driver/Src/stm32f1xx_hal_rcc.o
                0x0000000008003e18                HAL_RCC_ClockConfig
 .text.HAL_RCC_EnableCSS
                0x0000000008003fec       0x18 ./Drivers/STM32F1xx_HAL_Driver/Src/stm32f1xx_hal_rcc.o
                0x0000000008003fec                HAL_RCC_EnableCSS
 .text.HAL_RCC_GetSysClockFreq
                0x0000000008004004       0xa8 ./Drivers/STM32F1xx_HAL_Driver/Src/stm32f1xx_hal_rcc.o
                0x0000000008004004                HAL_RCC_GetSysClockFreq
 .text.HAL_RCC_GetHCLKFreq
                0x00000000080040ac       0x14 ./Drivers/STM32F1xx_HAL_Driver/Src/stm32f1xx_hal_rcc.o
                0x00000000080040ac                HAL_RCC_GetHCLKFreq
 .text.HAL_RCC_GetPCLK2Freq
                0x00000000080040c0       0x28 ./Drivers/STM32F1xx_HAL_Driver/Src/stm32f1xx_hal_rcc.o
                0x00000000080040c0                HAL_RCC_GetPCLK2Freq
 .text.HAL_RCC_GetClockConfig
                0x00000000080040e8       0x60 ./Drivers/STM32F1xx_HAL_Driver/Src/stm32f1xx_hal_rcc.o
                0x00000000080040e8                HAL_RCC_GetClockConfig
 .text.HAL_RCC_NMI_IRQHandler
                0x0000000008004148       0x28 ./Drivers/STM32F1xx_HAL_Driver/Src/stm32f1xx_hal_rcc.o
                0x0000000008004148                HAL_RCC_NMI_IRQHandler
 .text.RCC_Delay
                0x0000000008004170       0x3c ./Drivers/STM32F1xx_HAL_Driver/Src/stm32f1xx_hal_rcc.o
 .text.HAL_RCC_CSSCallback
                0x00000000080041ac        0xc ./Drivers/STM32F1xx_HAL_Driver/Src/stm32f1xx_hal_rcc.o
                0x00000000080041ac                HAL_RCC_CSSCallback
 .text.HAL_RCCEx_PeriphCLKConfig
                0x00000000080041b8      0x16c ./Drivers/STM32F1xx_HAL_Driver/Src/stm32f1xx_hal_rcc_ex.o
                0x00000000080041b8                HAL_RCCEx_PeriphCLKConfig
 .text.HAL_RCCEx_GetPeriphCLKFreq
                0x0000000008004324      0x16c ./Drivers/STM32F1xx_HAL_Driver/Src/stm32f1xx_hal_rcc_ex.o
                0x0000000008004324                HAL_RCCEx_GetPeriphCLKFreq
 .text.HAL_RTC_Init
                0x0000000008004490      0x118 ./Drivers/STM32F1xx_HAL_Driver/Src/stm32f1xx_hal_rtc.o
                0x0000000008004490                HAL_RTC_Init
 .text.HAL_RTC_SetTime
                0x00000000080045a8      0x12e ./Drivers/STM32F1xx_HAL_Driver/Src/stm32f1xx_hal_rtc.o
                0x00000000080045a8                HAL_RTC_SetTime
 *fill*         0x00000000080046d6        0x2 
 .text.HAL_RTC_GetTime
                0x00000000080046d8      0x1b0 ./Drivers/STM32F1xx_HAL_Driver/Src/stm32f1xx_hal_rtc.o
                0x00000000080046d8                HAL_RTC_GetTime
 .text.HAL_RTC_SetDate
                0x0000000008004888      0x16c ./Drivers/STM32F1xx_HAL_Driver/Src/stm32f1xx_hal_rtc.o
                0x0000000008004888                HAL_RTC_SetDate
 .text.HAL_RTC_WaitForSynchro
                0x00000000080049f4       0x5a ./Drivers/STM32F1xx_HAL_Driver/Src/stm32f1xx_hal_rtc.o
                0x00000000080049f4                HAL_RTC_WaitForSynchro
 .text.RTC_ReadTimeCounter
                0x0000000008004a4e       0x60 ./Drivers/STM32F1xx_HAL_Driver/Src/stm32f1xx_hal_rtc.o
 .text.RTC_WriteTimeCounter
                0x0000000008004aae       0x4e ./Drivers/STM32F1xx_HAL_Driver/Src/stm32f1xx_hal_rtc.o
 .text.RTC_ReadAlarmCounter
                0x0000000008004afc       0x32 ./Drivers/STM32F1xx_HAL_Driver/Src/stm32f1xx_hal_rtc.o
 .text.RTC_WriteAlarmCounter
                0x0000000008004b2e       0x4e ./Drivers/STM32F1xx_HAL_Driver/Src/stm32f1xx_hal_rtc.o
 .text.RTC_EnterInitMode
                0x0000000008004b7c       0x50 ./Drivers/STM32F1xx_HAL_Driver/Src/stm32f1xx_hal_rtc.o
 .text.RTC_ExitInitMode
                0x0000000008004bcc       0x50 ./Drivers/STM32F1xx_HAL_Driver/Src/stm32f1xx_hal_rtc.o
 .text.RTC_ByteToBcd2
                0x0000000008004c1c       0x3a ./Drivers/STM32F1xx_HAL_Driver/Src/stm32f1xx_hal_rtc.o
 .text.RTC_Bcd2ToByte
                0x0000000008004c56       0x3a ./Drivers/STM32F1xx_HAL_Driver/Src/stm32f1xx_hal_rtc.o
 .text.RTC_DateUpdate
                0x0000000008004c90      0x152 ./Drivers/STM32F1xx_HAL_Driver/Src/stm32f1xx_hal_rtc.o
 *fill*         0x0000000008004de2        0x2 
 .text.RTC_IsLeapYear
                0x0000000008004de4       0x64 ./Drivers/STM32F1xx_HAL_Driver/Src/stm32f1xx_hal_rtc.o
 .text.RTC_WeekDayNum
                0x0000000008004e48       0xf0 ./Drivers/STM32F1xx_HAL_Driver/Src/stm32f1xx_hal_rtc.o
 .text.HAL_SPI_Init
                0x0000000008004f38      0x108 ./Drivers/STM32F1xx_HAL_Driver/Src/stm32f1xx_hal_spi.o
                0x0000000008004f38                HAL_SPI_Init
 .text.HAL_SPI_Transmit
                0x0000000008005040      0x286 ./Drivers/STM32F1xx_HAL_Driver/Src/stm32f1xx_hal_spi.o
                0x0000000008005040                HAL_SPI_Transmit
 *fill*         0x00000000080052c6        0x2 
 .text.SPI_WaitFlagStateUntilTimeout
                0x00000000080052c8      0x110 ./Drivers/STM32F1xx_HAL_Driver/Src/stm32f1xx_hal_spi.o
 .text.SPI_EndRxTxTransaction
                0x00000000080053d8       0x3c ./Drivers/STM32F1xx_HAL_Driver/Src/stm32f1xx_hal_spi.o
 .text.HAL_TIM_Base_Init
                0x0000000008005414       0x9e ./Drivers/STM32F1xx_HAL_Driver/Src/stm32f1xx_hal_tim.o
                0x0000000008005414                HAL_TIM_Base_Init
 *fill*         0x00000000080054b2        0x2 
 .text.HAL_TIM_Base_Start_IT
                0x00000000080054b4       0xa4 ./Drivers/STM32F1xx_HAL_Driver/Src/stm32f1xx_hal_tim.o
                0x00000000080054b4                HAL_TIM_Base_Start_IT
 .text.HAL_TIM_Base_Stop_IT
                0x0000000008005558       0x5c ./Drivers/STM32F1xx_HAL_Driver/Src/stm32f1xx_hal_tim.o
                0x0000000008005558                HAL_TIM_Base_Stop_IT
 .text.HAL_TIM_PWM_Init
                0x00000000080055b4       0x9e ./Drivers/STM32F1xx_HAL_Driver/Src/stm32f1xx_hal_tim.o
                0x00000000080055b4                HAL_TIM_PWM_Init
 .text.HAL_TIM_PWM_MspInit
                0x0000000008005652       0x12 ./Drivers/STM32F1xx_HAL_Driver/Src/stm32f1xx_hal_tim.o
                0x0000000008005652                HAL_TIM_PWM_MspInit
 .text.HAL_TIM_PWM_Start
                0x0000000008005664      0x144 ./Drivers/STM32F1xx_HAL_Driver/Src/stm32f1xx_hal_tim.o
                0x0000000008005664                HAL_TIM_PWM_Start
 .text.HAL_TIM_IRQHandler
                0x00000000080057a8      0x210 ./Drivers/STM32F1xx_HAL_Driver/Src/stm32f1xx_hal_tim.o
                0x00000000080057a8                HAL_TIM_IRQHandler
 .text.HAL_TIM_PWM_ConfigChannel
                0x00000000080059b8      0x184 ./Drivers/STM32F1xx_HAL_Driver/Src/stm32f1xx_hal_tim.o
                0x00000000080059b8                HAL_TIM_PWM_ConfigChannel
 .text.HAL_TIM_ConfigClockSource
                0x0000000008005b3c      0x18e ./Drivers/STM32F1xx_HAL_Driver/Src/stm32f1xx_hal_tim.o
                0x0000000008005b3c                HAL_TIM_ConfigClockSource
 .text.HAL_TIM_OC_DelayElapsedCallback
                0x0000000008005cca       0x12 ./Drivers/STM32F1xx_HAL_Driver/Src/stm32f1xx_hal_tim.o
                0x0000000008005cca                HAL_TIM_OC_DelayElapsedCallback
 .text.HAL_TIM_IC_CaptureCallback
                0x0000000008005cdc       0x12 ./Drivers/STM32F1xx_HAL_Driver/Src/stm32f1xx_hal_tim.o
                0x0000000008005cdc                HAL_TIM_IC_CaptureCallback
 .text.HAL_TIM_PWM_PulseFinishedCallback
                0x0000000008005cee       0x12 ./Drivers/STM32F1xx_HAL_Driver/Src/stm32f1xx_hal_tim.o
                0x0000000008005cee                HAL_TIM_PWM_PulseFinishedCallback
 .text.HAL_TIM_TriggerCallback
                0x0000000008005d00       0x12 ./Drivers/STM32F1xx_HAL_Driver/Src/stm32f1xx_hal_tim.o
                0x0000000008005d00                HAL_TIM_TriggerCallback
 .text.HAL_TIM_Base_GetState
                0x0000000008005d12       0x1a ./Drivers/STM32F1xx_HAL_Driver/Src/stm32f1xx_hal_tim.o
                0x0000000008005d12                HAL_TIM_Base_GetState
 .text.TIM_Base_SetConfig
                0x0000000008005d2c       0xc4 ./Drivers/STM32F1xx_HAL_Driver/Src/stm32f1xx_hal_tim.o
                0x0000000008005d2c                TIM_Base_SetConfig
 .text.TIM_OC1_SetConfig
                0x0000000008005df0       0xcc ./Drivers/STM32F1xx_HAL_Driver/Src/stm32f1xx_hal_tim.o
 .text.TIM_OC2_SetConfig
                0x0000000008005ebc       0xd4 ./Drivers/STM32F1xx_HAL_Driver/Src/stm32f1xx_hal_tim.o
                0x0000000008005ebc                TIM_OC2_SetConfig
 .text.TIM_OC3_SetConfig
                0x0000000008005f90       0xd4 ./Drivers/STM32F1xx_HAL_Driver/Src/stm32f1xx_hal_tim.o
 .text.TIM_OC4_SetConfig
                0x0000000008006064       0x9c ./Drivers/STM32F1xx_HAL_Driver/Src/stm32f1xx_hal_tim.o
 .text.TIM_TI1_ConfigInputStage
                0x0000000008006100       0x5c ./Drivers/STM32F1xx_HAL_Driver/Src/stm32f1xx_hal_tim.o
 .text.TIM_TI2_ConfigInputStage
                0x000000000800615c       0x5e ./Drivers/STM32F1xx_HAL_Driver/Src/stm32f1xx_hal_tim.o
 .text.TIM_ITRx_SetConfig
                0x00000000080061ba       0x34 ./Drivers/STM32F1xx_HAL_Driver/Src/stm32f1xx_hal_tim.o
 .text.TIM_ETR_SetConfig
                0x00000000080061ee       0x3e ./Drivers/STM32F1xx_HAL_Driver/Src/stm32f1xx_hal_tim.o
                0x00000000080061ee                TIM_ETR_SetConfig
 .text.TIM_CCxChannelCmd
                0x000000000800622c       0x48 ./Drivers/STM32F1xx_HAL_Driver/Src/stm32f1xx_hal_tim.o
                0x000000000800622c                TIM_CCxChannelCmd
 .text.HAL_TIMEx_MasterConfigSynchronization
                0x0000000008006274       0xbc ./Drivers/STM32F1xx_HAL_Driver/Src/stm32f1xx_hal_tim_ex.o
                0x0000000008006274                HAL_TIMEx_MasterConfigSynchronization
 .text.HAL_TIMEx_CommutCallback
                0x0000000008006330       0x12 ./Drivers/STM32F1xx_HAL_Driver/Src/stm32f1xx_hal_tim_ex.o
                0x0000000008006330                HAL_TIMEx_CommutCallback
 .text.HAL_TIMEx_BreakCallback
                0x0000000008006342       0x12 ./Drivers/STM32F1xx_HAL_Driver/Src/stm32f1xx_hal_tim_ex.o
                0x0000000008006342                HAL_TIMEx_BreakCallback
 .text.vApplicationGetIdleTaskMemory
                0x0000000008006354       0x30 ./Middlewares/Third_Party/FreeRTOS/Source/CMSIS_RTOS_V2/cmsis_os2.o
                0x0000000008006354                vApplicationGetIdleTaskMemory
 .text.vApplicationGetTimerTaskMemory
                0x0000000008006384       0x34 ./Middlewares/Third_Party/FreeRTOS/Source/CMSIS_RTOS_V2/cmsis_os2.o
                0x0000000008006384                vApplicationGetTimerTaskMemory
 .text.vListInitialise
                0x00000000080063b8       0x3e ./Middlewares/Third_Party/FreeRTOS/Source/list.o
                0x00000000080063b8                vListInitialise
 .text.vListInitialiseItem
                0x00000000080063f6       0x18 ./Middlewares/Third_Party/FreeRTOS/Source/list.o
                0x00000000080063f6                vListInitialiseItem
 .text.vListInsertEnd
                0x000000000800640e       0x46 ./Middlewares/Third_Party/FreeRTOS/Source/list.o
                0x000000000800640e                vListInsertEnd
 .text.vListInsert
                0x0000000008006454       0x70 ./Middlewares/Third_Party/FreeRTOS/Source/list.o
                0x0000000008006454                vListInsert
 .text.uxListRemove
                0x00000000080064c4       0x52 ./Middlewares/Third_Party/FreeRTOS/Source/list.o
                0x00000000080064c4                uxListRemove
 *fill*         0x0000000008006516        0x2 
 .text.xQueueGenericReset
                0x0000000008006518       0xd0 ./Middlewares/Third_Party/FreeRTOS/Source/queue.o
                0x0000000008006518                xQueueGenericReset
 .text.xQueueGenericCreateStatic
                0x00000000080065e8       0xee ./Middlewares/Third_Party/FreeRTOS/Source/queue.o
                0x00000000080065e8                xQueueGenericCreateStatic
 .text.xQueueGenericCreate
                0x00000000080066d6       0x7c ./Middlewares/Third_Party/FreeRTOS/Source/queue.o
                0x00000000080066d6                xQueueGenericCreate
 .text.prvInitialiseNewQueue
                0x0000000008006752       0x46 ./Middlewares/Third_Party/FreeRTOS/Source/queue.o
 .text.xQueueGenericSend
                0x0000000008006798      0x1fc ./Middlewares/Third_Party/FreeRTOS/Source/queue.o
                0x0000000008006798                xQueueGenericSend
 .text.xQueueGenericSendFromISR
                0x0000000008006994      0x130 ./Middlewares/Third_Party/FreeRTOS/Source/queue.o
                0x0000000008006994                xQueueGenericSendFromISR
 .text.xQueueReceive
                0x0000000008006ac4      0x1c0 ./Middlewares/Third_Party/FreeRTOS/Source/queue.o
                0x0000000008006ac4                xQueueReceive
 .text.prvCopyDataToQueue
                0x0000000008006c84       0xd4 ./Middlewares/Third_Party/FreeRTOS/Source/queue.o
 .text.prvCopyDataFromQueue
                0x0000000008006d58       0x4c ./Middlewares/Third_Party/FreeRTOS/Source/queue.o
 .text.prvUnlockQueue
                0x0000000008006da4       0xa4 ./Middlewares/Third_Party/FreeRTOS/Source/queue.o
 .text.prvIsQueueEmpty
                0x0000000008006e48       0x2c ./Middlewares/Third_Party/FreeRTOS/Source/queue.o
 .text.prvIsQueueFull
                0x0000000008006e74       0x30 ./Middlewares/Third_Party/FreeRTOS/Source/queue.o
 .text.vQueueAddToRegistry
                0x0000000008006ea4       0x50 ./Middlewares/Third_Party/FreeRTOS/Source/queue.o
                0x0000000008006ea4                vQueueAddToRegistry
 .text.vQueueWaitForMessageRestricted
                0x0000000008006ef4       0x68 ./Middlewares/Third_Party/FreeRTOS/Source/queue.o
                0x0000000008006ef4                vQueueWaitForMessageRestricted
 .text.xTaskCreateStatic
                0x0000000008006f5c       0xb8 ./Middlewares/Third_Party/FreeRTOS/Source/tasks.o
                0x0000000008006f5c                xTaskCreateStatic
 .text.xTaskCreate
                0x0000000008007014       0x8a ./Middlewares/Third_Party/FreeRTOS/Source/tasks.o
                0x0000000008007014                xTaskCreate
 *fill*         0x000000000800709e        0x2 
 .text.prvInitialiseNewTask
                0x00000000080070a0      0x13c ./Middlewares/Third_Party/FreeRTOS/Source/tasks.o
 .text.prvAddNewTaskToReadyList
                0x00000000080071dc       0xe0 ./Middlewares/Third_Party/FreeRTOS/Source/tasks.o
 .text.vTaskDelete
                0x00000000080072bc       0xe4 ./Middlewares/Third_Party/FreeRTOS/Source/tasks.o
                0x00000000080072bc                vTaskDelete
 .text.vTaskDelay
                0x00000000080073a0       0x68 ./Middlewares/Third_Party/FreeRTOS/Source/tasks.o
                0x00000000080073a0                vTaskDelay
 .text.vTaskSuspend
                0x0000000008007408       0xec ./Middlewares/Third_Party/FreeRTOS/Source/tasks.o
                0x0000000008007408                vTaskSuspend
 .text.prvTaskIsTaskSuspended
                0x00000000080074f4       0x74 ./Middlewares/Third_Party/FreeRTOS/Source/tasks.o
 .text.vTaskResume
                0x0000000008007568       0xbc ./Middlewares/Third_Party/FreeRTOS/Source/tasks.o
                0x0000000008007568                vTaskResume
 .text.vTaskStartScheduler
                0x0000000008007624       0xe0 ./Middlewares/Third_Party/FreeRTOS/Source/tasks.o
                0x0000000008007624                vTaskStartScheduler
 .text.vTaskSuspendAll
                0x0000000008007704       0x1c ./Middlewares/Third_Party/FreeRTOS/Source/tasks.o
                0x0000000008007704                vTaskSuspendAll
 .text.xTaskResumeAll
                0x0000000008007720      0x13c ./Middlewares/Third_Party/FreeRTOS/Source/tasks.o
                0x0000000008007720                xTaskResumeAll
 .text.xTaskGetTickCount
                0x000000000800785c       0x1c ./Middlewares/Third_Party/FreeRTOS/Source/tasks.o
                0x000000000800785c                xTaskGetTickCount
 .text.xTaskIncrementTick
                0x0000000008007878      0x17c ./Middlewares/Third_Party/FreeRTOS/Source/tasks.o
                0x0000000008007878                xTaskIncrementTick
 .text.vTaskSwitchContext
                0x00000000080079f4       0xc8 ./Middlewares/Third_Party/FreeRTOS/Source/tasks.o
                0x00000000080079f4                vTaskSwitchContext
 .text.vTaskPlaceOnEventList
                0x0000000008007abc       0x48 ./Middlewares/Third_Party/FreeRTOS/Source/tasks.o
                0x0000000008007abc                vTaskPlaceOnEventList
 .text.vTaskPlaceOnEventListRestricted
                0x0000000008007b04       0x58 ./Middlewares/Third_Party/FreeRTOS/Source/tasks.o
                0x0000000008007b04                vTaskPlaceOnEventListRestricted
 .text.xTaskRemoveFromEventList
                0x0000000008007b5c       0xc8 ./Middlewares/Third_Party/FreeRTOS/Source/tasks.o
                0x0000000008007b5c                xTaskRemoveFromEventList
 .text.vTaskInternalSetTimeOutState
                0x0000000008007c24       0x2c ./Middlewares/Third_Party/FreeRTOS/Source/tasks.o
                0x0000000008007c24                vTaskInternalSetTimeOutState
 .text.xTaskCheckForTimeOut
                0x0000000008007c50       0xc4 ./Middlewares/Third_Party/FreeRTOS/Source/tasks.o
                0x0000000008007c50                xTaskCheckForTimeOut
 .text.vTaskMissedYield
                0x0000000008007d14       0x18 ./Middlewares/Third_Party/FreeRTOS/Source/tasks.o
                0x0000000008007d14                vTaskMissedYield
 .text.prvIdleTask
                0x0000000008007d2c       0x30 ./Middlewares/Third_Party/FreeRTOS/Source/tasks.o
 .text.prvInitialiseTaskLists
                0x0000000008007d5c       0x80 ./Middlewares/Third_Party/FreeRTOS/Source/tasks.o
 .text.prvCheckTasksWaitingTermination
                0x0000000008007ddc       0x5c ./Middlewares/Third_Party/FreeRTOS/Source/tasks.o
 .text.prvDeleteTCB
                0x0000000008007e38       0x68 ./Middlewares/Third_Party/FreeRTOS/Source/tasks.o
 .text.prvResetNextTaskUnblockTime
                0x0000000008007ea0       0x48 ./Middlewares/Third_Party/FreeRTOS/Source/tasks.o
 .text.xTaskGetSchedulerState
                0x0000000008007ee8       0x3c ./Middlewares/Third_Party/FreeRTOS/Source/tasks.o
                0x0000000008007ee8                xTaskGetSchedulerState
 .text.xTaskPriorityDisinherit
                0x0000000008007f24       0xdc ./Middlewares/Third_Party/FreeRTOS/Source/tasks.o
                0x0000000008007f24                xTaskPriorityDisinherit
 .text.prvAddCurrentTaskToDelayedList
                0x0000000008008000       0xa8 ./Middlewares/Third_Party/FreeRTOS/Source/tasks.o
 .text.xTimerCreateTimerTask
                0x00000000080080a8       0x90 ./Middlewares/Third_Party/FreeRTOS/Source/timers.o
                0x00000000080080a8                xTimerCreateTimerTask
 .text.xTimerCreate
                0x0000000008008138       0x42 ./Middlewares/Third_Party/FreeRTOS/Source/timers.o
                0x0000000008008138                xTimerCreate
 .text.prvInitialiseNewTimer
                0x000000000800817a       0x64 ./Middlewares/Third_Party/FreeRTOS/Source/timers.o
 *fill*         0x00000000080081de        0x2 
 .text.xTimerGenericCommand
                0x00000000080081e0       0x9c ./Middlewares/Third_Party/FreeRTOS/Source/timers.o
                0x00000000080081e0                xTimerGenericCommand
 .text.prvProcessExpiredTimer
                0x000000000800827c       0x80 ./Middlewares/Third_Party/FreeRTOS/Source/timers.o
 .text.prvTimerTask
                0x00000000080082fc       0x24 ./Middlewares/Third_Party/FreeRTOS/Source/timers.o
 .text.prvProcessTimerOrBlockTask
                0x0000000008008320       0x9c ./Middlewares/Third_Party/FreeRTOS/Source/timers.o
 .text.prvGetNextExpireTime
                0x00000000080083bc       0x48 ./Middlewares/Third_Party/FreeRTOS/Source/timers.o
 .text.prvSampleTimeNow
                0x0000000008008404       0x40 ./Middlewares/Third_Party/FreeRTOS/Source/timers.o
 .text.prvInsertTimerInActiveList
                0x0000000008008444       0x84 ./Middlewares/Third_Party/FreeRTOS/Source/timers.o
 .text.prvProcessReceivedCommands
                0x00000000080084c8      0x168 ./Middlewares/Third_Party/FreeRTOS/Source/timers.o
 .text.prvSwitchTimerLists
                0x0000000008008630       0xc4 ./Middlewares/Third_Party/FreeRTOS/Source/timers.o
 .text.prvCheckForValidListAndQueue
                0x00000000080086f4       0x80 ./Middlewares/Third_Party/FreeRTOS/Source/timers.o
 .text.pxPortInitialiseStack
                0x0000000008008774       0x58 ./Middlewares/Third_Party/FreeRTOS/Source/portable/GCC/ARM_CM3/port.o
                0x0000000008008774                pxPortInitialiseStack
 .text.prvTaskExitError
                0x00000000080087cc       0x58 ./Middlewares/Third_Party/FreeRTOS/Source/portable/GCC/ARM_CM3/port.o
 *fill*         0x0000000008008824        0xc 
 .text.SVC_Handler
                0x0000000008008830       0x28 ./Middlewares/Third_Party/FreeRTOS/Source/portable/GCC/ARM_CM3/port.o
                0x0000000008008830                SVC_Handler
 .text.prvPortStartFirstTask
                0x0000000008008858       0x20 ./Middlewares/Third_Party/FreeRTOS/Source/portable/GCC/ARM_CM3/port.o
 .text.xPortStartScheduler
                0x0000000008008878       0xe4 ./Middlewares/Third_Party/FreeRTOS/Source/portable/GCC/ARM_CM3/port.o
                0x0000000008008878                xPortStartScheduler
 .text.vPortEnterCritical
                0x000000000800895c       0x60 ./Middlewares/Third_Party/FreeRTOS/Source/portable/GCC/ARM_CM3/port.o
                0x000000000800895c                vPortEnterCritical
 .text.vPortExitCritical
                0x00000000080089bc       0x50 ./Middlewares/Third_Party/FreeRTOS/Source/portable/GCC/ARM_CM3/port.o
                0x00000000080089bc                vPortExitCritical
 *fill*         0x0000000008008a0c        0x4 
 .text.PendSV_Handler
                0x0000000008008a10       0x48 ./Middlewares/Third_Party/FreeRTOS/Source/portable/GCC/ARM_CM3/port.o
                0x0000000008008a10                PendSV_Handler
 .text.SysTick_Handler
                0x0000000008008a58       0x44 ./Middlewares/Third_Party/FreeRTOS/Source/portable/GCC/ARM_CM3/port.o
                0x0000000008008a58                SysTick_Handler
 .text.vPortSetupTimerInterrupt
                0x0000000008008a9c       0x44 ./Middlewares/Third_Party/FreeRTOS/Source/portable/GCC/ARM_CM3/port.o
                0x0000000008008a9c                vPortSetupTimerInterrupt
 .text.vPortValidateInterruptPriority
                0x0000000008008ae0       0x7c ./Middlewares/Third_Party/FreeRTOS/Source/portable/GCC/ARM_CM3/port.o
                0x0000000008008ae0                vPortValidateInterruptPriority
 .text.pvPortMalloc
                0x0000000008008b5c      0x188 ./Middlewares/Third_Party/FreeRTOS/Source/portable/MemMang/heap_4.o
                0x0000000008008b5c                pvPortMalloc
 .text.vPortFree
                0x0000000008008ce4       0xb4 ./Middlewares/Third_Party/FreeRTOS/Source/portable/MemMang/heap_4.o
                0x0000000008008ce4                vPortFree
 .text.prvHeapInit
                0x0000000008008d98       0xc4 ./Middlewares/Third_Party/FreeRTOS/Source/portable/MemMang/heap_4.o
 .text.prvInsertBlockIntoFreeList
                0x0000000008008e5c       0xb0 ./Middlewares/Third_Party/FreeRTOS/Source/portable/MemMang/heap_4.o
 .text.sprintf  0x0000000008008f0c       0x40 C:/Program Files (x86)/STM32CubeIDE_1.14.0/STM32CubeIDE/plugins/com.st.stm32cube.ide.mcu.externaltools.gnu-tools-for-stm32.11.3.rel1.win32_1.1.100.202309141235/tools/bin/../lib/gcc/arm-none-eabi/11.3.1/../../../../arm-none-eabi/lib/thumb/v7-m/nofp\libc_nano.a(libc_a-sprintf.o)
                0x0000000008008f0c                siprintf
                0x0000000008008f0c                sprintf
 .text.memset   0x0000000008008f4c       0x10 C:/Program Files (x86)/STM32CubeIDE_1.14.0/STM32CubeIDE/plugins/com.st.stm32cube.ide.mcu.externaltools.gnu-tools-for-stm32.11.3.rel1.win32_1.1.100.202309141235/tools/bin/../lib/gcc/arm-none-eabi/11.3.1/../../../../arm-none-eabi/lib/thumb/v7-m/nofp\libc_nano.a(libc_a-memset.o)
                0x0000000008008f4c                memset
 .text.strcat   0x0000000008008f5c       0x1e C:/Program Files (x86)/STM32CubeIDE_1.14.0/STM32CubeIDE/plugins/com.st.stm32cube.ide.mcu.externaltools.gnu-tools-for-stm32.11.3.rel1.win32_1.1.100.202309141235/tools/bin/../lib/gcc/arm-none-eabi/11.3.1/../../../../arm-none-eabi/lib/thumb/v7-m/nofp\libc_nano.a(libc_a-strcat.o)
                0x0000000008008f5c                strcat
 *fill*         0x0000000008008f7a        0x2 
 .text._reclaim_reent
                0x0000000008008f7c       0xac C:/Program Files (x86)/STM32CubeIDE_1.14.0/STM32CubeIDE/plugins/com.st.stm32cube.ide.mcu.externaltools.gnu-tools-for-stm32.11.3.rel1.win32_1.1.100.202309141235/tools/bin/../lib/gcc/arm-none-eabi/11.3.1/../../../../arm-none-eabi/lib/thumb/v7-m/nofp\libc_nano.a(libc_a-reent.o)
                0x0000000008008f7c                _reclaim_reent
 .text.__errno  0x0000000008009028        0xc C:/Program Files (x86)/STM32CubeIDE_1.14.0/STM32CubeIDE/plugins/com.st.stm32cube.ide.mcu.externaltools.gnu-tools-for-stm32.11.3.rel1.win32_1.1.100.202309141235/tools/bin/../lib/gcc/arm-none-eabi/11.3.1/../../../../arm-none-eabi/lib/thumb/v7-m/nofp\libc_nano.a(libc_a-errno.o)
                0x0000000008009028                __errno
 .text.__libc_init_array
                0x0000000008009034       0x48 C:/Program Files (x86)/STM32CubeIDE_1.14.0/STM32CubeIDE/plugins/com.st.stm32cube.ide.mcu.externaltools.gnu-tools-for-stm32.11.3.rel1.win32_1.1.100.202309141235/tools/bin/../lib/gcc/arm-none-eabi/11.3.1/../../../../arm-none-eabi/lib/thumb/v7-m/nofp\libc_nano.a(libc_a-init.o)
                0x0000000008009034                __libc_init_array
 .text.__retarget_lock_acquire_recursive
                0x000000000800907c        0x2 C:/Program Files (x86)/STM32CubeIDE_1.14.0/STM32CubeIDE/plugins/com.st.stm32cube.ide.mcu.externaltools.gnu-tools-for-stm32.11.3.rel1.win32_1.1.100.202309141235/tools/bin/../lib/gcc/arm-none-eabi/11.3.1/../../../../arm-none-eabi/lib/thumb/v7-m/nofp\libc_nano.a(libc_a-lock.o)
                0x000000000800907c                __retarget_lock_acquire_recursive
 .text.__retarget_lock_release_recursive
                0x000000000800907e        0x2 C:/Program Files (x86)/STM32CubeIDE_1.14.0/STM32CubeIDE/plugins/com.st.stm32cube.ide.mcu.externaltools.gnu-tools-for-stm32.11.3.rel1.win32_1.1.100.202309141235/tools/bin/../lib/gcc/arm-none-eabi/11.3.1/../../../../arm-none-eabi/lib/thumb/v7-m/nofp\libc_nano.a(libc_a-lock.o)
                0x000000000800907e                __retarget_lock_release_recursive
 .text.memcpy   0x0000000008009080       0x1c C:/Program Files (x86)/STM32CubeIDE_1.14.0/STM32CubeIDE/plugins/com.st.stm32cube.ide.mcu.externaltools.gnu-tools-for-stm32.11.3.rel1.win32_1.1.100.202309141235/tools/bin/../lib/gcc/arm-none-eabi/11.3.1/../../../../arm-none-eabi/lib/thumb/v7-m/nofp\libc_nano.a(libc_a-memcpy-stub.o)
                0x0000000008009080                memcpy
 .text._free_r  0x000000000800909c       0x90 C:/Program Files (x86)/STM32CubeIDE_1.14.0/STM32CubeIDE/plugins/com.st.stm32cube.ide.mcu.externaltools.gnu-tools-for-stm32.11.3.rel1.win32_1.1.100.202309141235/tools/bin/../lib/gcc/arm-none-eabi/11.3.1/../../../../arm-none-eabi/lib/thumb/v7-m/nofp\libc_nano.a(libc_a-freer.o)
                0x000000000800909c                _free_r
 .text.sbrk_aligned
                0x000000000800912c       0x40 C:/Program Files (x86)/STM32CubeIDE_1.14.0/STM32CubeIDE/plugins/com.st.stm32cube.ide.mcu.externaltools.gnu-tools-for-stm32.11.3.rel1.win32_1.1.100.202309141235/tools/bin/../lib/gcc/arm-none-eabi/11.3.1/../../../../arm-none-eabi/lib/thumb/v7-m/nofp\libc_nano.a(libc_a-mallocr.o)
 .text._malloc_r
                0x000000000800916c      0x100 C:/Program Files (x86)/STM32CubeIDE_1.14.0/STM32CubeIDE/plugins/com.st.stm32cube.ide.mcu.externaltools.gnu-tools-for-stm32.11.3.rel1.win32_1.1.100.202309141235/tools/bin/../lib/gcc/arm-none-eabi/11.3.1/../../../../arm-none-eabi/lib/thumb/v7-m/nofp\libc_nano.a(libc_a-mallocr.o)
                0x000000000800916c                _malloc_r
 .text.__malloc_lock
                0x000000000800926c        0xc C:/Program Files (x86)/STM32CubeIDE_1.14.0/STM32CubeIDE/plugins/com.st.stm32cube.ide.mcu.externaltools.gnu-tools-for-stm32.11.3.rel1.win32_1.1.100.202309141235/tools/bin/../lib/gcc/arm-none-eabi/11.3.1/../../../../arm-none-eabi/lib/thumb/v7-m/nofp\libc_nano.a(libc_a-mlock.o)
                0x000000000800926c                __malloc_lock
 .text.__malloc_unlock
                0x0000000008009278        0xc C:/Program Files (x86)/STM32CubeIDE_1.14.0/STM32CubeIDE/plugins/com.st.stm32cube.ide.mcu.externaltools.gnu-tools-for-stm32.11.3.rel1.win32_1.1.100.202309141235/tools/bin/../lib/gcc/arm-none-eabi/11.3.1/../../../../arm-none-eabi/lib/thumb/v7-m/nofp\libc_nano.a(libc_a-mlock.o)
                0x0000000008009278                __malloc_unlock
 .text.__ssputs_r
                0x0000000008009284       0xb4 C:/Program Files (x86)/STM32CubeIDE_1.14.0/STM32CubeIDE/plugins/com.st.stm32cube.ide.mcu.externaltools.gnu-tools-for-stm32.11.3.rel1.win32_1.1.100.202309141235/tools/bin/../lib/gcc/arm-none-eabi/11.3.1/../../../../arm-none-eabi/lib/thumb/v7-m/nofp\libc_nano.a(libc_a-nano-svfprintf.o)
                0x0000000008009284                __ssputs_r
 .text._svfprintf_r
                0x0000000008009338      0x1fc C:/Program Files (x86)/STM32CubeIDE_1.14.0/STM32CubeIDE/plugins/com.st.stm32cube.ide.mcu.externaltools.gnu-tools-for-stm32.11.3.rel1.win32_1.1.100.202309141235/tools/bin/../lib/gcc/arm-none-eabi/11.3.1/../../../../arm-none-eabi/lib/thumb/v7-m/nofp\libc_nano.a(libc_a-nano-svfprintf.o)
                0x0000000008009338                _svfiprintf_r
                0x0000000008009338                _svfprintf_r
 .text._printf_common
                0x0000000008009534       0xe4 C:/Program Files (x86)/STM32CubeIDE_1.14.0/STM32CubeIDE/plugins/com.st.stm32cube.ide.mcu.externaltools.gnu-tools-for-stm32.11.3.rel1.win32_1.1.100.202309141235/tools/bin/../lib/gcc/arm-none-eabi/11.3.1/../../../../arm-none-eabi/lib/thumb/v7-m/nofp\libc_nano.a(libc_a-nano-vfprintf_i.o)
                0x0000000008009534                _printf_common
 .text._printf_i
                0x0000000008009618      0x244 C:/Program Files (x86)/STM32CubeIDE_1.14.0/STM32CubeIDE/plugins/com.st.stm32cube.ide.mcu.externaltools.gnu-tools-for-stm32.11.3.rel1.win32_1.1.100.202309141235/tools/bin/../lib/gcc/arm-none-eabi/11.3.1/../../../../arm-none-eabi/lib/thumb/v7-m/nofp\libc_nano.a(libc_a-nano-vfprintf_i.o)
                0x0000000008009618                _printf_i
 .text.memmove  0x000000000800985c       0x34 C:/Program Files (x86)/STM32CubeIDE_1.14.0/STM32CubeIDE/plugins/com.st.stm32cube.ide.mcu.externaltools.gnu-tools-for-stm32.11.3.rel1.win32_1.1.100.202309141235/tools/bin/../lib/gcc/arm-none-eabi/11.3.1/../../../../arm-none-eabi/lib/thumb/v7-m/nofp\libc_nano.a(libc_a-memmove.o)
                0x000000000800985c                memmove
 .text._sbrk_r  0x0000000008009890       0x20 C:/Program Files (x86)/STM32CubeIDE_1.14.0/STM32CubeIDE/plugins/com.st.stm32cube.ide.mcu.externaltools.gnu-tools-for-stm32.11.3.rel1.win32_1.1.100.202309141235/tools/bin/../lib/gcc/arm-none-eabi/11.3.1/../../../../arm-none-eabi/lib/thumb/v7-m/nofp\libc_nano.a(libc_a-sbrkr.o)
                0x0000000008009890                _sbrk_r
 .text.memchr   0x00000000080098b0       0x1c C:/Program Files (x86)/STM32CubeIDE_1.14.0/STM32CubeIDE/plugins/com.st.stm32cube.ide.mcu.externaltools.gnu-tools-for-stm32.11.3.rel1.win32_1.1.100.202309141235/tools/bin/../lib/gcc/arm-none-eabi/11.3.1/../../../../arm-none-eabi/lib/thumb/v7-m/nofp\libc_nano.a(libc_a-memchr-stub.o)
                0x00000000080098b0                memchr
 .text._realloc_r
                0x00000000080098cc       0x5e C:/Program Files (x86)/STM32CubeIDE_1.14.0/STM32CubeIDE/plugins/com.st.stm32cube.ide.mcu.externaltools.gnu-tools-for-stm32.11.3.rel1.win32_1.1.100.202309141235/tools/bin/../lib/gcc/arm-none-eabi/11.3.1/../../../../arm-none-eabi/lib/thumb/v7-m/nofp\libc_nano.a(libc_a-reallocr.o)
                0x00000000080098cc                _realloc_r
 .text._malloc_usable_size_r
                0x000000000800992a       0x10 C:/Program Files (x86)/STM32CubeIDE_1.14.0/STM32CubeIDE/plugins/com.st.stm32cube.ide.mcu.externaltools.gnu-tools-for-stm32.11.3.rel1.win32_1.1.100.202309141235/tools/bin/../lib/gcc/arm-none-eabi/11.3.1/../../../../arm-none-eabi/lib/thumb/v7-m/nofp\libc_nano.a(libc_a-msizer.o)
                0x000000000800992a                _malloc_usable_size_r
 *(.glue_7)
 .glue_7        0x000000000800993a        0x0 linker stubs
 *(.glue_7t)
 .glue_7t       0x000000000800993a        0x0 linker stubs
 *(.eh_frame)
 *fill*         0x000000000800993a        0x2 
 .eh_frame      0x000000000800993c        0x0 C:/Program Files (x86)/STM32CubeIDE_1.14.0/STM32CubeIDE/plugins/com.st.stm32cube.ide.mcu.externaltools.gnu-tools-for-stm32.11.3.rel1.win32_1.1.100.202309141235/tools/bin/../lib/gcc/arm-none-eabi/11.3.1/thumb/v7-m/nofp/crtbegin.o
 *(.init)
 .init          0x000000000800993c        0x4 C:/Program Files (x86)/STM32CubeIDE_1.14.0/STM32CubeIDE/plugins/com.st.stm32cube.ide.mcu.externaltools.gnu-tools-for-stm32.11.3.rel1.win32_1.1.100.202309141235/tools/bin/../lib/gcc/arm-none-eabi/11.3.1/thumb/v7-m/nofp/crti.o
                0x000000000800993c                _init
 .init          0x0000000008009940        0x8 C:/Program Files (x86)/STM32CubeIDE_1.14.0/STM32CubeIDE/plugins/com.st.stm32cube.ide.mcu.externaltools.gnu-tools-for-stm32.11.3.rel1.win32_1.1.100.202309141235/tools/bin/../lib/gcc/arm-none-eabi/11.3.1/thumb/v7-m/nofp/crtn.o
 *(.fini)
 .fini          0x0000000008009948        0x4 C:/Program Files (x86)/STM32CubeIDE_1.14.0/STM32CubeIDE/plugins/com.st.stm32cube.ide.mcu.externaltools.gnu-tools-for-stm32.11.3.rel1.win32_1.1.100.202309141235/tools/bin/../lib/gcc/arm-none-eabi/11.3.1/thumb/v7-m/nofp/crti.o
                0x0000000008009948                _fini
 .fini          0x000000000800994c        0x8 C:/Program Files (x86)/STM32CubeIDE_1.14.0/STM32CubeIDE/plugins/com.st.stm32cube.ide.mcu.externaltools.gnu-tools-for-stm32.11.3.rel1.win32_1.1.100.202309141235/tools/bin/../lib/gcc/arm-none-eabi/11.3.1/thumb/v7-m/nofp/crtn.o
                0x0000000008009954                . = ALIGN (0x4)
                0x0000000008009954                _etext = .

.vfp11_veneer   0x0000000008009954        0x0
 .vfp11_veneer  0x0000000008009954        0x0 linker stubs

.v4_bx          0x0000000008009954        0x0
 .v4_bx         0x0000000008009954        0x0 linker stubs

.iplt           0x0000000008009954        0x0
 .iplt          0x0000000008009954        0x0 C:/Program Files (x86)/STM32CubeIDE_1.14.0/STM32CubeIDE/plugins/com.st.stm32cube.ide.mcu.externaltools.gnu-tools-for-stm32.11.3.rel1.win32_1.1.100.202309141235/tools/bin/../lib/gcc/arm-none-eabi/11.3.1/thumb/v7-m/nofp/crtbegin.o

.rodata         0x0000000008009954     0x1540
                0x0000000008009954                . = ALIGN (0x4)
 *(.rodata)
 .rodata        0x0000000008009954      0x332 ./Core/Src/main.o
 *fill*         0x0000000008009c86        0x2 
 .rodata        0x0000000008009c88        0x5 ./Middlewares/Third_Party/FreeRTOS/Source/tasks.o
 *fill*         0x0000000008009c8d        0x3 
 .rodata        0x0000000008009c90        0xd ./Middlewares/Third_Party/FreeRTOS/Source/timers.o
 *(.rodata*)
 *fill*         0x0000000008009c9d        0x3 
 .rodata.font1  0x0000000008009ca0      0x240 ./Core/Src/pcd8544_driver.o
 .rodata.font2  0x0000000008009ee0      0x1d8 ./Core/Src/pcd8544_driver.o
 .rodata.font3  0x000000000800a0b8      0x2f0 ./Core/Src/pcd8544_driver.o
 .rodata.font4  0x000000000800a3a8      0x213 ./Core/Src/pcd8544_driver.o
 *fill*         0x000000000800a5bb        0x1 
 .rodata.font5  0x000000000800a5bc      0x17c ./Core/Src/pcd8544_driver.o
 .rodata.font6  0x000000000800a738      0x374 ./Core/Src/pcd8544_driver.o
 .rodata.font7  0x000000000800aaac      0x374 ./Core/Src/pcd8544_driver.o
 .rodata.AHBPrescTable
                0x000000000800ae20       0x10 ./Core/Src/system_stm32f1xx.o
                0x000000000800ae20                AHBPrescTable
 .rodata.APBPrescTable
                0x000000000800ae30        0x8 ./Core/Src/system_stm32f1xx.o
                0x000000000800ae30                APBPrescTable
 .rodata.aPLLMULFactorTable.1
                0x000000000800ae38       0x10 ./Drivers/STM32F1xx_HAL_Driver/Src/stm32f1xx_hal_rcc.o
 .rodata.aPredivFactorTable.0
                0x000000000800ae48        0x2 ./Drivers/STM32F1xx_HAL_Driver/Src/stm32f1xx_hal_rcc.o
 *fill*         0x000000000800ae4a        0x2 
 .rodata.aPLLMULFactorTable.1
                0x000000000800ae4c       0x10 ./Drivers/STM32F1xx_HAL_Driver/Src/stm32f1xx_hal_rcc_ex.o
 .rodata.aPredivFactorTable.0
                0x000000000800ae5c        0x2 ./Drivers/STM32F1xx_HAL_Driver/Src/stm32f1xx_hal_rcc_ex.o
 .rodata._svfprintf_r.str1.1
                0x000000000800ae5e       0x11 C:/Program Files (x86)/STM32CubeIDE_1.14.0/STM32CubeIDE/plugins/com.st.stm32cube.ide.mcu.externaltools.gnu-tools-for-stm32.11.3.rel1.win32_1.1.100.202309141235/tools/bin/../lib/gcc/arm-none-eabi/11.3.1/../../../../arm-none-eabi/lib/thumb/v7-m/nofp\libc_nano.a(libc_a-nano-svfprintf.o)
 .rodata._printf_i.str1.1
                0x000000000800ae6f       0x22 C:/Program Files (x86)/STM32CubeIDE_1.14.0/STM32CubeIDE/plugins/com.st.stm32cube.ide.mcu.externaltools.gnu-tools-for-stm32.11.3.rel1.win32_1.1.100.202309141235/tools/bin/../lib/gcc/arm-none-eabi/11.3.1/../../../../arm-none-eabi/lib/thumb/v7-m/nofp\libc_nano.a(libc_a-nano-vfprintf_i.o)
                0x000000000800ae94                . = ALIGN (0x4)
 *fill*         0x000000000800ae91        0x3 

.rel.dyn        0x000000000800ae94        0x0
 .rel.iplt      0x000000000800ae94        0x0 C:/Program Files (x86)/STM32CubeIDE_1.14.0/STM32CubeIDE/plugins/com.st.stm32cube.ide.mcu.externaltools.gnu-tools-for-stm32.11.3.rel1.win32_1.1.100.202309141235/tools/bin/../lib/gcc/arm-none-eabi/11.3.1/thumb/v7-m/nofp/crtbegin.o

.ARM.extab      0x000000000800ae94        0x0
                0x000000000800ae94                . = ALIGN (0x4)
 *(.ARM.extab* .gnu.linkonce.armextab.*)
                0x000000000800ae94                . = ALIGN (0x4)

.ARM            0x000000000800ae94        0x0
                0x000000000800ae94                . = ALIGN (0x4)
                0x000000000800ae94                __exidx_start = .
 *(.ARM.exidx*)
                0x000000000800ae94                __exidx_end = .
                0x000000000800ae94                . = ALIGN (0x4)

.preinit_array  0x000000000800ae94        0x0
                0x000000000800ae94                . = ALIGN (0x4)
                0x000000000800ae94                PROVIDE (__preinit_array_start = .)
 *(.preinit_array*)
                0x000000000800ae94                PROVIDE (__preinit_array_end = .)
                0x000000000800ae94                . = ALIGN (0x4)

.init_array     0x000000000800ae94        0x4
                0x000000000800ae94                . = ALIGN (0x4)
                0x000000000800ae94                PROVIDE (__init_array_start = .)
 *(SORT_BY_NAME(.init_array.*))
 *(.init_array*)
 .init_array    0x000000000800ae94        0x4 C:/Program Files (x86)/STM32CubeIDE_1.14.0/STM32CubeIDE/plugins/com.st.stm32cube.ide.mcu.externaltools.gnu-tools-for-stm32.11.3.rel1.win32_1.1.100.202309141235/tools/bin/../lib/gcc/arm-none-eabi/11.3.1/thumb/v7-m/nofp/crtbegin.o
                0x000000000800ae98                PROVIDE (__init_array_end = .)
                0x000000000800ae98                . = ALIGN (0x4)

.fini_array     0x000000000800ae98        0x4
                0x000000000800ae98                . = ALIGN (0x4)
                [!provide]                        PROVIDE (__fini_array_start = .)
 *(SORT_BY_NAME(.fini_array.*))
 *(.fini_array*)
 .fini_array    0x000000000800ae98        0x4 C:/Program Files (x86)/STM32CubeIDE_1.14.0/STM32CubeIDE/plugins/com.st.stm32cube.ide.mcu.externaltools.gnu-tools-for-stm32.11.3.rel1.win32_1.1.100.202309141235/tools/bin/../lib/gcc/arm-none-eabi/11.3.1/thumb/v7-m/nofp/crtbegin.o
                [!provide]                        PROVIDE (__fini_array_end = .)
                0x000000000800ae9c                . = ALIGN (0x4)
                0x000000000800ae9c                _sidata = LOADADDR (.data)

.data           0x0000000020000000       0x80 load address 0x000000000800ae9c
                0x0000000020000000                . = ALIGN (0x4)
                0x0000000020000000                _sdata = .
 *(.data)
 *(.data*)
 .data.MenuItemNames
                0x0000000020000000       0x1c ./Core/Src/main.o
                0x0000000020000000                MenuItemNames
 .data.backLightValue
                0x000000002000001c        0x2 ./Core/Src/main.o
                0x000000002000001c                backLightValue
 .data.font     0x000000002000001e        0x1 ./Core/Src/pcd8544_driver.o
                0x000000002000001e                font
 *fill*         0x000000002000001f        0x1 
 .data.SystemCoreClock
                0x0000000020000020        0x4 ./Core/Src/system_stm32f1xx.o
                0x0000000020000020                SystemCoreClock
 .data.uwTickPrio
                0x0000000020000024        0x4 ./Drivers/STM32F1xx_HAL_Driver/Src/stm32f1xx_hal.o
                0x0000000020000024                uwTickPrio
 .data.uwTickFreq
                0x0000000020000028        0x1 ./Drivers/STM32F1xx_HAL_Driver/Src/stm32f1xx_hal.o
                0x0000000020000028                uwTickFreq
 *fill*         0x0000000020000029        0x3 
 .data.uxCriticalNesting
                0x000000002000002c        0x4 ./Middlewares/Third_Party/FreeRTOS/Source/portable/GCC/ARM_CM3/port.o
 .data._impure_data
                0x0000000020000030       0x4c C:/Program Files (x86)/STM32CubeIDE_1.14.0/STM32CubeIDE/plugins/com.st.stm32cube.ide.mcu.externaltools.gnu-tools-for-stm32.11.3.rel1.win32_1.1.100.202309141235/tools/bin/../lib/gcc/arm-none-eabi/11.3.1/../../../../arm-none-eabi/lib/thumb/v7-m/nofp\libc_nano.a(libc_a-impure.o)
                0x0000000020000030                _impure_data
 .data._impure_ptr
                0x000000002000007c        0x4 C:/Program Files (x86)/STM32CubeIDE_1.14.0/STM32CubeIDE/plugins/com.st.stm32cube.ide.mcu.externaltools.gnu-tools-for-stm32.11.3.rel1.win32_1.1.100.202309141235/tools/bin/../lib/gcc/arm-none-eabi/11.3.1/../../../../arm-none-eabi/lib/thumb/v7-m/nofp\libc_nano.a(libc_a-impure.o)
                0x000000002000007c                _impure_ptr
 *(.RamFunc)
 *(.RamFunc*)
                0x0000000020000080                . = ALIGN (0x4)
                0x0000000020000080                _edata = .

.igot.plt       0x0000000020000080        0x0 load address 0x000000000800af1c
 .igot.plt      0x0000000020000080        0x0 C:/Program Files (x86)/STM32CubeIDE_1.14.0/STM32CubeIDE/plugins/com.st.stm32cube.ide.mcu.externaltools.gnu-tools-for-stm32.11.3.rel1.win32_1.1.100.202309141235/tools/bin/../lib/gcc/arm-none-eabi/11.3.1/thumb/v7-m/nofp/crtbegin.o
                0x0000000020000080                . = ALIGN (0x4)

.bss            0x0000000020000080     0x1ef8 load address 0x000000000800af1c
                0x0000000020000080                _sbss = .
                0x0000000020000080                __bss_start__ = _sbss
 *(.bss)
 .bss           0x0000000020000080       0x1c C:/Program Files (x86)/STM32CubeIDE_1.14.0/STM32CubeIDE/plugins/com.st.stm32cube.ide.mcu.externaltools.gnu-tools-for-stm32.11.3.rel1.win32_1.1.100.202309141235/tools/bin/../lib/gcc/arm-none-eabi/11.3.1/thumb/v7-m/nofp/crtbegin.o
 *(.bss*)
 .bss.hadc1     0x000000002000009c       0x30 ./Core/Src/main.o
                0x000000002000009c                hadc1
 .bss.hiwdg     0x00000000200000cc        0xc ./Core/Src/main.o
                0x00000000200000cc                hiwdg
 .bss.hrtc      0x00000000200000d8       0x14 ./Core/Src/main.o
                0x00000000200000d8                hrtc
 .bss.hspi1     0x00000000200000ec       0x58 ./Core/Src/main.o
                0x00000000200000ec                hspi1
 .bss.htim2     0x0000000020000144       0x48 ./Core/Src/main.o
                0x0000000020000144                htim2
 .bss.htim3     0x000000002000018c       0x48 ./Core/Src/main.o
                0x000000002000018c                htim3
 .bss.currentMenu
                0x00000000200001d4        0x1 ./Core/Src/main.o
                0x00000000200001d4                currentMenu
 *fill*         0x00000000200001d5        0x3 
 .bss.mainMenu_handle
                0x00000000200001d8        0x4 ./Core/Src/main.o
                0x00000000200001d8                mainMenu_handle
 .bss.mcuTempMenu_handle
                0x00000000200001dc        0x4 ./Core/Src/main.o
                0x00000000200001dc                mcuTempMenu_handle
 .bss.clockMenu_handle
                0x00000000200001e0        0x4 ./Core/Src/main.o
                0x00000000200001e0                clockMenu_handle
 .bss.backlightMenu_handle
                0x00000000200001e4        0x4 ./Core/Src/main.o
                0x00000000200001e4                backlightMenu_handle
 .bss.helpMenu_handle
                0x00000000200001e8        0x4 ./Core/Src/main.o
                0x00000000200001e8                helpMenu_handle
 .bss.rebootMenu_handle
                0x00000000200001ec        0x4 ./Core/Src/main.o
                0x00000000200001ec                rebootMenu_handle
 .bss.timerMenu_handle
                0x00000000200001f0        0x4 ./Core/Src/main.o
                0x00000000200001f0                timerMenu_handle
 .bss.handleButtonPressed_handle
                0x00000000200001f4        0x4 ./Core/Src/main.o
                0x00000000200001f4                handleButtonPressed_handle
 .bss.iwdgReloadTimer_handle
                0x00000000200001f8        0x4 ./Core/Src/main.o
                0x00000000200001f8                iwdgReloadTimer_handle
 .bss.pressedButtonQueue
                0x00000000200001fc        0x4 ./Core/Src/main.o
                0x00000000200001fc                pressedButtonQueue
 .bss.currentPage
                0x0000000020000200        0x1 ./Core/Src/main.o
                0x0000000020000200                currentPage
 .bss.currentMenuIndex
                0x0000000020000201        0x1 ./Core/Src/main.o
                0x0000000020000201                currentMenuIndex
 .bss.menuIndex
                0x0000000020000202        0x1 ./Core/Src/main.o
                0x0000000020000202                menuIndex
 .bss.contrastValue
                0x0000000020000203        0x1 ./Core/Src/main.o
                0x0000000020000203                contrastValue
 .bss.timerMenuSeconds
                0x0000000020000204        0x1 ./Core/Src/main.o
                0x0000000020000204                timerMenuSeconds
 .bss.timerMenuMinutes
                0x0000000020000205        0x1 ./Core/Src/main.o
                0x0000000020000205                timerMenuMinutes
 .bss.timerMenuCentiSeconds
                0x0000000020000206        0x1 ./Core/Src/main.o
                0x0000000020000206                timerMenuCentiSeconds
 *fill*         0x0000000020000207        0x1 
 .bss.buffer    0x0000000020000208      0x1f8 ./Core/Src/pcd8544_driver.o
                0x0000000020000208                buffer
 .bss.inverttext
                0x0000000020000400        0x1 ./Core/Src/pcd8544_driver.o
                0x0000000020000400                inverttext
 .bss._contrast
                0x0000000020000401        0x1 ./Core/Src/pcd8544_driver.o
                0x0000000020000401                _contrast
 .bss.size_x    0x0000000020000402        0x1 ./Core/Src/pcd8544_driver.o
                0x0000000020000402                size_x
 .bss.size_y    0x0000000020000403        0x1 ./Core/Src/pcd8544_driver.o
                0x0000000020000403                size_y
 .bss.htim1     0x0000000020000404       0x48 ./Core/Src/stm32f1xx_hal_timebase_tim.o
                0x0000000020000404                htim1
 .bss.__sbrk_heap_end
                0x000000002000044c        0x4 ./Core/Src/sysmem.o
 .bss.uwTick    0x0000000020000450        0x4 ./Drivers/STM32F1xx_HAL_Driver/Src/stm32f1xx_hal.o
                0x0000000020000450                uwTick
 .bss.Idle_TCB  0x0000000020000454       0xa8 ./Middlewares/Third_Party/FreeRTOS/Source/CMSIS_RTOS_V2/cmsis_os2.o
 .bss.Idle_Stack
                0x00000000200004fc      0x200 ./Middlewares/Third_Party/FreeRTOS/Source/CMSIS_RTOS_V2/cmsis_os2.o
 .bss.Timer_TCB
                0x00000000200006fc       0xa8 ./Middlewares/Third_Party/FreeRTOS/Source/CMSIS_RTOS_V2/cmsis_os2.o
 .bss.Timer_Stack
                0x00000000200007a4      0x400 ./Middlewares/Third_Party/FreeRTOS/Source/CMSIS_RTOS_V2/cmsis_os2.o
 .bss.xQueueRegistry
                0x0000000020000ba4       0x40 ./Middlewares/Third_Party/FreeRTOS/Source/queue.o
                0x0000000020000ba4                xQueueRegistry
 .bss.pxCurrentTCB
                0x0000000020000be4        0x4 ./Middlewares/Third_Party/FreeRTOS/Source/tasks.o
                0x0000000020000be4                pxCurrentTCB
 .bss.pxReadyTasksLists
                0x0000000020000be8      0x460 ./Middlewares/Third_Party/FreeRTOS/Source/tasks.o
 .bss.xDelayedTaskList1
                0x0000000020001048       0x14 ./Middlewares/Third_Party/FreeRTOS/Source/tasks.o
 .bss.xDelayedTaskList2
                0x000000002000105c       0x14 ./Middlewares/Third_Party/FreeRTOS/Source/tasks.o
 .bss.pxDelayedTaskList
                0x0000000020001070        0x4 ./Middlewares/Third_Party/FreeRTOS/Source/tasks.o
 .bss.pxOverflowDelayedTaskList
                0x0000000020001074        0x4 ./Middlewares/Third_Party/FreeRTOS/Source/tasks.o
 .bss.xPendingReadyList
                0x0000000020001078       0x14 ./Middlewares/Third_Party/FreeRTOS/Source/tasks.o
 .bss.xTasksWaitingTermination
                0x000000002000108c       0x14 ./Middlewares/Third_Party/FreeRTOS/Source/tasks.o
 .bss.uxDeletedTasksWaitingCleanUp
                0x00000000200010a0        0x4 ./Middlewares/Third_Party/FreeRTOS/Source/tasks.o
 .bss.xSuspendedTaskList
                0x00000000200010a4       0x14 ./Middlewares/Third_Party/FreeRTOS/Source/tasks.o
 .bss.uxCurrentNumberOfTasks
                0x00000000200010b8        0x4 ./Middlewares/Third_Party/FreeRTOS/Source/tasks.o
 .bss.xTickCount
                0x00000000200010bc        0x4 ./Middlewares/Third_Party/FreeRTOS/Source/tasks.o
 .bss.uxTopReadyPriority
                0x00000000200010c0        0x4 ./Middlewares/Third_Party/FreeRTOS/Source/tasks.o
 .bss.xSchedulerRunning
                0x00000000200010c4        0x4 ./Middlewares/Third_Party/FreeRTOS/Source/tasks.o
 .bss.uxPendedTicks
                0x00000000200010c8        0x4 ./Middlewares/Third_Party/FreeRTOS/Source/tasks.o
 .bss.xYieldPending
                0x00000000200010cc        0x4 ./Middlewares/Third_Party/FreeRTOS/Source/tasks.o
 .bss.xNumOfOverflows
                0x00000000200010d0        0x4 ./Middlewares/Third_Party/FreeRTOS/Source/tasks.o
 .bss.uxTaskNumber
                0x00000000200010d4        0x4 ./Middlewares/Third_Party/FreeRTOS/Source/tasks.o
 .bss.xNextTaskUnblockTime
                0x00000000200010d8        0x4 ./Middlewares/Third_Party/FreeRTOS/Source/tasks.o
 .bss.xIdleTaskHandle
                0x00000000200010dc        0x4 ./Middlewares/Third_Party/FreeRTOS/Source/tasks.o
 .bss.uxSchedulerSuspended
                0x00000000200010e0        0x4 ./Middlewares/Third_Party/FreeRTOS/Source/tasks.o
 .bss.xActiveTimerList1
                0x00000000200010e4       0x14 ./Middlewares/Third_Party/FreeRTOS/Source/timers.o
 .bss.xActiveTimerList2
                0x00000000200010f8       0x14 ./Middlewares/Third_Party/FreeRTOS/Source/timers.o
 .bss.pxCurrentTimerList
                0x000000002000110c        0x4 ./Middlewares/Third_Party/FreeRTOS/Source/timers.o
 .bss.pxOverflowTimerList
                0x0000000020001110        0x4 ./Middlewares/Third_Party/FreeRTOS/Source/timers.o
 .bss.xTimerQueue
                0x0000000020001114        0x4 ./Middlewares/Third_Party/FreeRTOS/Source/timers.o
 .bss.xTimerTaskHandle
                0x0000000020001118        0x4 ./Middlewares/Third_Party/FreeRTOS/Source/timers.o
 .bss.xLastTime.2
                0x000000002000111c        0x4 ./Middlewares/Third_Party/FreeRTOS/Source/timers.o
 .bss.ucStaticTimerQueueStorage.1
                0x0000000020001120       0xa0 ./Middlewares/Third_Party/FreeRTOS/Source/timers.o
 .bss.xStaticTimerQueue.0
                0x00000000200011c0       0x50 ./Middlewares/Third_Party/FreeRTOS/Source/timers.o
 .bss.ucMaxSysCallPriority
                0x0000000020001210        0x1 ./Middlewares/Third_Party/FreeRTOS/Source/portable/GCC/ARM_CM3/port.o
 *fill*         0x0000000020001211        0x3 
 .bss.ulMaxPRIGROUPValue
                0x0000000020001214        0x4 ./Middlewares/Third_Party/FreeRTOS/Source/portable/GCC/ARM_CM3/port.o
 .bss.ucHeap    0x0000000020001218      0xc00 ./Middlewares/Third_Party/FreeRTOS/Source/portable/MemMang/heap_4.o
 .bss.xStart    0x0000000020001e18        0x8 ./Middlewares/Third_Party/FreeRTOS/Source/portable/MemMang/heap_4.o
 .bss.pxEnd     0x0000000020001e20        0x4 ./Middlewares/Third_Party/FreeRTOS/Source/portable/MemMang/heap_4.o
 .bss.xFreeBytesRemaining
                0x0000000020001e24        0x4 ./Middlewares/Third_Party/FreeRTOS/Source/portable/MemMang/heap_4.o
 .bss.xMinimumEverFreeBytesRemaining
                0x0000000020001e28        0x4 ./Middlewares/Third_Party/FreeRTOS/Source/portable/MemMang/heap_4.o
 .bss.xBlockAllocatedBit
                0x0000000020001e2c        0x4 ./Middlewares/Third_Party/FreeRTOS/Source/portable/MemMang/heap_4.o
 .bss.__sf      0x0000000020001e30      0x138 C:/Program Files (x86)/STM32CubeIDE_1.14.0/STM32CubeIDE/plugins/com.st.stm32cube.ide.mcu.externaltools.gnu-tools-for-stm32.11.3.rel1.win32_1.1.100.202309141235/tools/bin/../lib/gcc/arm-none-eabi/11.3.1/../../../../arm-none-eabi/lib/thumb/v7-m/nofp\libc_nano.a(libc_a-findfp.o)
                0x0000000020001e30                __sf
 .bss.errno     0x0000000020001f68        0x4 C:/Program Files (x86)/STM32CubeIDE_1.14.0/STM32CubeIDE/plugins/com.st.stm32cube.ide.mcu.externaltools.gnu-tools-for-stm32.11.3.rel1.win32_1.1.100.202309141235/tools/bin/../lib/gcc/arm-none-eabi/11.3.1/../../../../arm-none-eabi/lib/thumb/v7-m/nofp\libc_nano.a(libc_a-reent.o)
                0x0000000020001f68                errno
 .bss.__lock___malloc_recursive_mutex
                0x0000000020001f6c        0x1 C:/Program Files (x86)/STM32CubeIDE_1.14.0/STM32CubeIDE/plugins/com.st.stm32cube.ide.mcu.externaltools.gnu-tools-for-stm32.11.3.rel1.win32_1.1.100.202309141235/tools/bin/../lib/gcc/arm-none-eabi/11.3.1/../../../../arm-none-eabi/lib/thumb/v7-m/nofp\libc_nano.a(libc_a-lock.o)
                0x0000000020001f6c                __lock___malloc_recursive_mutex
 *fill*         0x0000000020001f6d        0x3 
 .bss.__malloc_free_list
                0x0000000020001f70        0x4 C:/Program Files (x86)/STM32CubeIDE_1.14.0/STM32CubeIDE/plugins/com.st.stm32cube.ide.mcu.externaltools.gnu-tools-for-stm32.11.3.rel1.win32_1.1.100.202309141235/tools/bin/../lib/gcc/arm-none-eabi/11.3.1/../../../../arm-none-eabi/lib/thumb/v7-m/nofp\libc_nano.a(libc_a-mallocr.o)
                0x0000000020001f70                __malloc_free_list
 .bss.__malloc_sbrk_start
                0x0000000020001f74        0x4 C:/Program Files (x86)/STM32CubeIDE_1.14.0/STM32CubeIDE/plugins/com.st.stm32cube.ide.mcu.externaltools.gnu-tools-for-stm32.11.3.rel1.win32_1.1.100.202309141235/tools/bin/../lib/gcc/arm-none-eabi/11.3.1/../../../../arm-none-eabi/lib/thumb/v7-m/nofp\libc_nano.a(libc_a-mallocr.o)
                0x0000000020001f74                __malloc_sbrk_start
 *(COMMON)
                0x0000000020001f78                . = ALIGN (0x4)
                0x0000000020001f78                _ebss = .
                0x0000000020001f78                __bss_end__ = _ebss

._user_heap_stack
                0x0000000020001f78      0x600 load address 0x000000000800af1c
                0x0000000020001f78                . = ALIGN (0x8)
                [!provide]                        PROVIDE (end = .)
                0x0000000020001f78                PROVIDE (_end = .)
                0x0000000020002178                . = (. + _Min_Heap_Size)
 *fill*         0x0000000020001f78      0x200 
                0x0000000020002578                . = (. + _Min_Stack_Size)
 *fill*         0x0000000020002178      0x400 
                0x0000000020002578                . = ALIGN (0x8)

/DISCARD/
 libc.a(*)
 libm.a(*)
 libgcc.a(*)

.ARM.attributes
                0x0000000000000000       0x29
 *(.ARM.attributes)
 .ARM.attributes
                0x0000000000000000       0x1d C:/Program Files (x86)/STM32CubeIDE_1.14.0/STM32CubeIDE/plugins/com.st.stm32cube.ide.mcu.externaltools.gnu-tools-for-stm32.11.3.rel1.win32_1.1.100.202309141235/tools/bin/../lib/gcc/arm-none-eabi/11.3.1/thumb/v7-m/nofp/crti.o
 .ARM.attributes
                0x000000000000001d       0x2d C:/Program Files (x86)/STM32CubeIDE_1.14.0/STM32CubeIDE/plugins/com.st.stm32cube.ide.mcu.externaltools.gnu-tools-for-stm32.11.3.rel1.win32_1.1.100.202309141235/tools/bin/../lib/gcc/arm-none-eabi/11.3.1/thumb/v7-m/nofp/crtbegin.o
 .ARM.attributes
                0x000000000000004a       0x2d ./Core/Src/main.o
 .ARM.attributes
                0x0000000000000077       0x2d ./Core/Src/pcd8544_driver.o
 .ARM.attributes
                0x00000000000000a4       0x2d ./Core/Src/pcd8544_gui.o
 .ARM.attributes
                0x00000000000000d1       0x2d ./Core/Src/stm32f1xx_hal_msp.o
 .ARM.attributes
                0x00000000000000fe       0x2d ./Core/Src/stm32f1xx_hal_timebase_tim.o
 .ARM.attributes
                0x000000000000012b       0x2d ./Core/Src/stm32f1xx_it.o
 .ARM.attributes
                0x0000000000000158       0x2d ./Core/Src/sysmem.o
 .ARM.attributes
                0x0000000000000185       0x2d ./Core/Src/system_stm32f1xx.o
 .ARM.attributes
                0x00000000000001b2       0x21 ./Core/Startup/startup_stm32f103c8tx.o
 .ARM.attributes
                0x00000000000001d3       0x2d ./Drivers/STM32F1xx_HAL_Driver/Src/stm32f1xx_hal.o
 .ARM.attributes
                0x0000000000000200       0x2d ./Drivers/STM32F1xx_HAL_Driver/Src/stm32f1xx_hal_adc.o
 .ARM.attributes
                0x000000000000022d       0x2d ./Drivers/STM32F1xx_HAL_Driver/Src/stm32f1xx_hal_cortex.o
 .ARM.attributes
                0x000000000000025a       0x2d ./Drivers/STM32F1xx_HAL_Driver/Src/stm32f1xx_hal_gpio.o
 .ARM.attributes
                0x0000000000000287       0x2d ./Drivers/STM32F1xx_HAL_Driver/Src/stm32f1xx_hal_iwdg.o
 .ARM.attributes
                0x00000000000002b4       0x2d ./Drivers/STM32F1xx_HAL_Driver/Src/stm32f1xx_hal_pwr.o
 .ARM.attributes
                0x00000000000002e1       0x2d ./Drivers/STM32F1xx_HAL_Driver/Src/stm32f1xx_hal_rcc.o
 .ARM.attributes
                0x000000000000030e       0x2d ./Drivers/STM32F1xx_HAL_Driver/Src/stm32f1xx_hal_rcc_ex.o
 .ARM.attributes
                0x000000000000033b       0x2d ./Drivers/STM32F1xx_HAL_Driver/Src/stm32f1xx_hal_rtc.o
 .ARM.attributes
                0x0000000000000368       0x2d ./Drivers/STM32F1xx_HAL_Driver/Src/stm32f1xx_hal_spi.o
 .ARM.attributes
                0x0000000000000395       0x2d ./Drivers/STM32F1xx_HAL_Driver/Src/stm32f1xx_hal_tim.o
 .ARM.attributes
                0x00000000000003c2       0x2d ./Drivers/STM32F1xx_HAL_Driver/Src/stm32f1xx_hal_tim_ex.o
 .ARM.attributes
                0x00000000000003ef       0x2d ./Middlewares/Third_Party/FreeRTOS/Source/CMSIS_RTOS_V2/cmsis_os2.o
 .ARM.attributes
                0x000000000000041c       0x2d ./Middlewares/Third_Party/FreeRTOS/Source/list.o
 .ARM.attributes
                0x0000000000000449       0x2d ./Middlewares/Third_Party/FreeRTOS/Source/queue.o
 .ARM.attributes
                0x0000000000000476       0x2d ./Middlewares/Third_Party/FreeRTOS/Source/tasks.o
 .ARM.attributes
                0x00000000000004a3       0x2d ./Middlewares/Third_Party/FreeRTOS/Source/timers.o
 .ARM.attributes
                0x00000000000004d0       0x2d ./Middlewares/Third_Party/FreeRTOS/Source/portable/GCC/ARM_CM3/port.o
 .ARM.attributes
                0x00000000000004fd       0x2d ./Middlewares/Third_Party/FreeRTOS/Source/portable/MemMang/heap_4.o
 .ARM.attributes
                0x000000000000052a       0x2d C:/Program Files (x86)/STM32CubeIDE_1.14.0/STM32CubeIDE/plugins/com.st.stm32cube.ide.mcu.externaltools.gnu-tools-for-stm32.11.3.rel1.win32_1.1.100.202309141235/tools/bin/../lib/gcc/arm-none-eabi/11.3.1/../../../../arm-none-eabi/lib/thumb/v7-m/nofp\libc_nano.a(libc_a-findfp.o)
 .ARM.attributes
                0x0000000000000557       0x2d C:/Program Files (x86)/STM32CubeIDE_1.14.0/STM32CubeIDE/plugins/com.st.stm32cube.ide.mcu.externaltools.gnu-tools-for-stm32.11.3.rel1.win32_1.1.100.202309141235/tools/bin/../lib/gcc/arm-none-eabi/11.3.1/../../../../arm-none-eabi/lib/thumb/v7-m/nofp\libc_nano.a(libc_a-sprintf.o)
 .ARM.attributes
                0x0000000000000584       0x2d C:/Program Files (x86)/STM32CubeIDE_1.14.0/STM32CubeIDE/plugins/com.st.stm32cube.ide.mcu.externaltools.gnu-tools-for-stm32.11.3.rel1.win32_1.1.100.202309141235/tools/bin/../lib/gcc/arm-none-eabi/11.3.1/../../../../arm-none-eabi/lib/thumb/v7-m/nofp\libc_nano.a(libc_a-memset.o)
 .ARM.attributes
                0x00000000000005b1       0x2d C:/Program Files (x86)/STM32CubeIDE_1.14.0/STM32CubeIDE/plugins/com.st.stm32cube.ide.mcu.externaltools.gnu-tools-for-stm32.11.3.rel1.win32_1.1.100.202309141235/tools/bin/../lib/gcc/arm-none-eabi/11.3.1/../../../../arm-none-eabi/lib/thumb/v7-m/nofp\libc_nano.a(libc_a-strcat.o)
 .ARM.attributes
                0x00000000000005de       0x2d C:/Program Files (x86)/STM32CubeIDE_1.14.0/STM32CubeIDE/plugins/com.st.stm32cube.ide.mcu.externaltools.gnu-tools-for-stm32.11.3.rel1.win32_1.1.100.202309141235/tools/bin/../lib/gcc/arm-none-eabi/11.3.1/../../../../arm-none-eabi/lib/thumb/v7-m/nofp\libc_nano.a(libc_a-reent.o)
 .ARM.attributes
                0x000000000000060b       0x2d C:/Program Files (x86)/STM32CubeIDE_1.14.0/STM32CubeIDE/plugins/com.st.stm32cube.ide.mcu.externaltools.gnu-tools-for-stm32.11.3.rel1.win32_1.1.100.202309141235/tools/bin/../lib/gcc/arm-none-eabi/11.3.1/../../../../arm-none-eabi/lib/thumb/v7-m/nofp\libc_nano.a(libc_a-impure.o)
 .ARM.attributes
                0x0000000000000638       0x2d C:/Program Files (x86)/STM32CubeIDE_1.14.0/STM32CubeIDE/plugins/com.st.stm32cube.ide.mcu.externaltools.gnu-tools-for-stm32.11.3.rel1.win32_1.1.100.202309141235/tools/bin/../lib/gcc/arm-none-eabi/11.3.1/../../../../arm-none-eabi/lib/thumb/v7-m/nofp\libc_nano.a(libc_a-errno.o)
 .ARM.attributes
                0x0000000000000665       0x2d C:/Program Files (x86)/STM32CubeIDE_1.14.0/STM32CubeIDE/plugins/com.st.stm32cube.ide.mcu.externaltools.gnu-tools-for-stm32.11.3.rel1.win32_1.1.100.202309141235/tools/bin/../lib/gcc/arm-none-eabi/11.3.1/../../../../arm-none-eabi/lib/thumb/v7-m/nofp\libc_nano.a(libc_a-init.o)
 .ARM.attributes
                0x0000000000000692       0x2d C:/Program Files (x86)/STM32CubeIDE_1.14.0/STM32CubeIDE/plugins/com.st.stm32cube.ide.mcu.externaltools.gnu-tools-for-stm32.11.3.rel1.win32_1.1.100.202309141235/tools/bin/../lib/gcc/arm-none-eabi/11.3.1/../../../../arm-none-eabi/lib/thumb/v7-m/nofp\libc_nano.a(libc_a-lock.o)
 .ARM.attributes
                0x00000000000006bf       0x2d C:/Program Files (x86)/STM32CubeIDE_1.14.0/STM32CubeIDE/plugins/com.st.stm32cube.ide.mcu.externaltools.gnu-tools-for-stm32.11.3.rel1.win32_1.1.100.202309141235/tools/bin/../lib/gcc/arm-none-eabi/11.3.1/../../../../arm-none-eabi/lib/thumb/v7-m/nofp\libc_nano.a(libc_a-memcpy-stub.o)
 .ARM.attributes
                0x00000000000006ec       0x17 C:/Program Files (x86)/STM32CubeIDE_1.14.0/STM32CubeIDE/plugins/com.st.stm32cube.ide.mcu.externaltools.gnu-tools-for-stm32.11.3.rel1.win32_1.1.100.202309141235/tools/bin/../lib/gcc/arm-none-eabi/11.3.1/../../../../arm-none-eabi/lib/thumb/v7-m/nofp\libc_nano.a(libc_a-strlen.o)
 .ARM.attributes
                0x0000000000000703       0x2d C:/Program Files (x86)/STM32CubeIDE_1.14.0/STM32CubeIDE/plugins/com.st.stm32cube.ide.mcu.externaltools.gnu-tools-for-stm32.11.3.rel1.win32_1.1.100.202309141235/tools/bin/../lib/gcc/arm-none-eabi/11.3.1/../../../../arm-none-eabi/lib/thumb/v7-m/nofp\libc_nano.a(libc_a-freer.o)
 .ARM.attributes
                0x0000000000000730       0x2d C:/Program Files (x86)/STM32CubeIDE_1.14.0/STM32CubeIDE/plugins/com.st.stm32cube.ide.mcu.externaltools.gnu-tools-for-stm32.11.3.rel1.win32_1.1.100.202309141235/tools/bin/../lib/gcc/arm-none-eabi/11.3.1/../../../../arm-none-eabi/lib/thumb/v7-m/nofp\libc_nano.a(libc_a-mallocr.o)
 .ARM.attributes
                0x000000000000075d       0x2d C:/Program Files (x86)/STM32CubeIDE_1.14.0/STM32CubeIDE/plugins/com.st.stm32cube.ide.mcu.externaltools.gnu-tools-for-stm32.11.3.rel1.win32_1.1.100.202309141235/tools/bin/../lib/gcc/arm-none-eabi/11.3.1/../../../../arm-none-eabi/lib/thumb/v7-m/nofp\libc_nano.a(libc_a-mlock.o)
 .ARM.attributes
                0x000000000000078a       0x2d C:/Program Files (x86)/STM32CubeIDE_1.14.0/STM32CubeIDE/plugins/com.st.stm32cube.ide.mcu.externaltools.gnu-tools-for-stm32.11.3.rel1.win32_1.1.100.202309141235/tools/bin/../lib/gcc/arm-none-eabi/11.3.1/../../../../arm-none-eabi/lib/thumb/v7-m/nofp\libc_nano.a(libc_a-nano-svfprintf.o)
 .ARM.attributes
                0x00000000000007b7       0x2d C:/Program Files (x86)/STM32CubeIDE_1.14.0/STM32CubeIDE/plugins/com.st.stm32cube.ide.mcu.externaltools.gnu-tools-for-stm32.11.3.rel1.win32_1.1.100.202309141235/tools/bin/../lib/gcc/arm-none-eabi/11.3.1/../../../../arm-none-eabi/lib/thumb/v7-m/nofp\libc_nano.a(libc_a-nano-vfprintf_i.o)
 .ARM.attributes