../Core/Src/main.c:132:5:main	16	static
../Core/Src/main.c:252:6:SystemClock_Config	88	static
../Core/Src/main.c:305:13:MX_ADC1_Init	24	static
../Core/Src/main.c:352:13:MX_IWDG_Init	8	static
../Core/Src/main.c:380:13:MX_RTC_Init	16	static
../Core/Src/main.c:441:13:MX_SPI1_Init	8	static
../Core/Src/main.c:479:13:MX_TIM2_Init	64	static
../Core/Src/main.c:538:13:MX_TIM3_Init	32	static
../Core/Src/main.c:583:13:MX_GPIO_Init	40	static
../Core/Src/main.c:628:6:handleButtonPressed	24	static
../Core/Src/main.c:652:6:showMainMenu	48	static
../Core/Src/main.c:793:6:showMcuTempMenu	40	static
../Core/Src/main.c:836:6:showClockMenu	56	static
../Core/Src/main.c:951:6:showBackLightMenu	32	static
../Core/Src/main.c:986:6:showContrastMenu	32	static
../Core/Src/main.c:1021:6:showHelpMenu	24	static
../Core/Src/main.c:1080:6:showRebootMenu	24	static
../Core/Src/main.c:1123:6:showTimerMenu	40	static
../Core/Src/main.c:1176:6:refreshIwdg	8	static
../Core/Src/main.c:1181:6:returnToMainMenu	8	static
../Core/Src/main.c:1207:6:HAL_TIM_PeriodElapsedCallback	16	static
../Core/Src/main.c:1227:6:Error_Handler	4	static,ignoring_inline_asm
