../Core/Src/pcd8544_driver.c:11:6:PCD8544_sendData	16	static
../Core/Src/pcd8544_driver.c:15:6:PCD8544_command	16	static
../Core/Src/pcd8544_driver.c:22:6:PCD8544_data	16	static
../Core/Src/pcd8544_driver.c:29:6:PCD8544_init	16	static
../Core/Src/pcd8544_driver.c:48:6:PCD8544_setInvert	16	static
../Core/Src/pcd8544_driver.c:57:6:PCD8544_setContrast	16	static
../Core/Src/pcd8544_driver.c:70:6:PCD8544_setTextInvert	16	static
../Core/Src/pcd8544_driver.c:79:6:PCD8544_setFont	16	static
../Core/Src/pcd8544_driver.c:121:6:PCD8544_printChar	32	static
../Core/Src/pcd8544_driver.c:155:6:PCD8544_printString	16	static
../Core/Src/pcd8544_driver.c:162:6:PCD8544_printStringAlign	24	static
../Core/Src/pcd8544_driver.c:190:6:PCD8544_clearScreen	16	static
../Core/Src/pcd8544_driver.c:201:6:PCD8544_goXY	16	static
../Core/Src/pcd8544_driver.c:209:6:PCD8544_refreshScreen	16	static
../Core/Src/pcd8544_driver.c:225:6:PCD8544_refreshArea	32	static
../Core/Src/pcd8544_driver.c:242:6:PCD8544_drawPixel	16	static
../Core/Src/pcd8544_driver.c:261:6:PCD8544_drawHorizontalLine	40	static
../Core/Src/pcd8544_driver.c:279:6:PCD8544_drawVerticalLine	32	static
C:\Program Files (x86)\STM32CubeIDE_1.14.0\STM32CubeIDE\plugins\com.st.stm32cube.ide.mcu.externaltools.gnu-tools-for-stm32.11.3.rel1.win32_1.1.100.202309141235\tools\bin/../lib/gcc/arm-none-eabi/11.3.1/../../../../arm-none-eabi/include/stdlib.h:70:5:abs	16	static
../Core/Src/pcd8544_driver.c:307:6:PCD8544_drawLine	32	static
../Core/Src/pcd8544_driver.c:362:6:PCD8544_drawRectangle	24	static
../Core/Src/pcd8544_driver.c:369:6:PCD8544_drawFilledRectangle	32	static
../Core/Src/pcd8544_driver.c:375:6:PCD8544_fillScreen	8	static
../Core/Src/pcd8544_driver.c:379:6:PCD8544_drawCircle	24	static
../Core/Src/pcd8544_driver.c:413:6:PCD8544_drawCircleHelper	40	static
../Core/Src/pcd8544_driver.c:448:6:PCD8544_fillCircle	24	static
../Core/Src/pcd8544_driver.c:453:6:PCD8544_drawFilledCircleHelper	40	static
../Core/Src/pcd8544_driver.c:493:6:PCD8544_drawBitmap	24	static
../Core/Src/pcd8544_driver.c:509:6:PCD8544_drawRoundRectangle	32	static
../Core/Src/pcd8544_driver.c:525:6:PCD8544_drawFilledRoundRectangle	40	static
../Core/Src/pcd8544_driver.c:536:6:PCD8544_drawTriangle	24	static
../Core/Src/pcd8544_driver.c:542:6:PCD8544_printTime	24	static
../Core/Src/pcd8544_driver.c:550:6:PCD8544_drawClockDeliminator	8	static
../Core/Src/pcd8544_driver.c:555:9:PCD8544_getContrast	4	static
